85.247.206.71 - - [02/Feb/2011:17:46:09 +0000] "GET /libs/panels.css HTTP/1.1" 304 - "http://www.transmsilverio.com/" "Mozilla/4.0 (compatible; MSIE 8.0; Windows NT 5.1; Trident/4.0; .NET CLR 1.1.4322; .NET CLR 2.0.50727; .NET CLR 3.0.4506.2152; .NET CLR 3.5.30729; InfoPath.1)"
85.247.206.71 - - [02/Feb/2011:17:46:09 +0000] "GET /libs/layout.css HTTP/1.1" 304 - "http://www.transmsilverio.com/" "Mozilla/4.0 (compatible; MSIE 8.0; Windows NT 5.1; Trident/4.0; .NET CLR 1.1.4322; .NET CLR 2.0.50727; .NET CLR 3.0.4506.2152; .NET CLR 3.5.30729; InfoPath.1)"
85.247.206.71 - - [02/Feb/2011:17:46:09 +0000] "GET /libs/htmlelements.css HTTP/1.1" 304 - "http://www.transmsilverio.com/" "Mozilla/4.0 (compatible; MSIE 8.0; Windows NT 5.1; Trident/4.0; .NET CLR 1.1.4322; .NET CLR 2.0.50727; .NET CLR 3.0.4506.2152; .NET CLR 3.5.30729; InfoPath.1)"
85.247.206.71 - - [02/Feb/2011:17:46:09 +0000] "GET /libs/style.css HTTP/1.1" 304 - "http://www.transmsilverio.com/" "Mozilla/4.0 (compatible; MSIE 8.0; Windows NT 5.1; Trident/4.0; .NET CLR 1.1.4322; .NET CLR 2.0.50727; .NET CLR 3.0.4506.2152; .NET CLR 3.5.30729; InfoPath.1)"
213.13.115.9 - - [02/Feb/2011:17:46:09 +0000] "GET /favicon.ico HTTP/1.1" 404 271 "-" "Mozilla/5.0 (Windows; U; Windows NT 6.1; en-US) AppleWebKit/534.10 (KHTML, like Gecko) Chrome/8.0.552.237 Safari/534.10"
85.247.206.71 - - [02/Feb/2011:17:46:09 +0000] "GET /libs/superfish.js HTTP/1.1" 304 - "http://www.transmsilverio.com/" "Mozilla/4.0 (compatible; MSIE 8.0; Windows NT 5.1; Trident/4.0; .NET CLR 1.1.4322; .NET CLR 2.0.50727; .NET CLR 3.0.4506.2152; .NET CLR 3.5.30729; InfoPath.1)"
85.247.206.71 - - [02/Feb/2011:17:46:09 +0000] "GET /libs/defaults.css HTTP/1.1" 304 - "http://www.transmsilverio.com/" "Mozilla/4.0 (compatible; MSIE 8.0; Windows NT 5.1; Trident/4.0; .NET CLR 1.1.4322; .NET CLR 2.0.50727; .NET CLR 3.0.4506.2152; .NET CLR 3.5.30729; InfoPath.1)"
85.247.206.71 - - [02/Feb/2011:17:46:09 +0000] "GET /libs/system.css HTTP/1.1" 304 - "http://www.transmsilverio.com/" "Mozilla/4.0 (compatible; MSIE 8.0; Windows NT 5.1; Trident/4.0; .NET CLR 1.1.4322; .NET CLR 2.0.50727; .NET CLR 3.0.4506.2152; .NET CLR 3.5.30729; InfoPath.1)"
85.247.206.71 - - [02/Feb/2011:17:46:09 +0000] "GET /libs/system-menus.css HTTP/1.1" 304 - "http://www.transmsilverio.com/" "Mozilla/4.0 (compatible; MSIE 8.0; Windows NT 5.1; Trident/4.0; .NET CLR 1.1.4322; .NET CLR 2.0.50727; .NET CLR 3.0.4506.2152; .NET CLR 3.5.30729; InfoPath.1)"
85.247.206.71 - - [02/Feb/2011:17:46:09 +0000] "GET /libs/jquery-1.4.4.js HTTP/1.1" 304 - "http://www.transmsilverio.com/" "Mozilla/4.0 (compatible; MSIE 8.0; Windows NT 5.1; Trident/4.0; .NET CLR 1.1.4322; .NET CLR 2.0.50727; .NET CLR 3.0.4506.2152; .NET CLR 3.5.30729; InfoPath.1)"
85.247.206.71 - - [02/Feb/2011:17:46:09 +0000] "GET /libs/content-module.css HTTP/1.1" 304 - "http://www.transmsilverio.com/" "Mozilla/4.0 (compatible; MSIE 8.0; Windows NT 5.1; Trident/4.0; .NET CLR 1.1.4322; .NET CLR 2.0.50727; .NET CLR 3.0.4506.2152; .NET CLR 3.5.30729; InfoPath.1)"
85.247.206.71 - - [02/Feb/2011:17:46:09 +0000] "GET /libs/nice_menus.css HTTP/1.1" 304 - "http://www.transmsilverio.com/" "Mozilla/4.0 (compatible; MSIE 8.0; Windows NT 5.1; Trident/4.0; .NET CLR 1.1.4322; .NET CLR 2.0.50727; .NET CLR 3.0.4506.2152; .NET CLR 3.5.30729; InfoPath.1)"
85.247.206.71 - - [02/Feb/2011:17:46:09 +0000] "GET /libs/panels.css HTTP/1.1" 304 - "http://www.transmsilverio.com/" "Mozilla/4.0 (compatible; MSIE 8.0; Windows NT 5.1; Trident/4.0; .NET CLR 1.1.4322; .NET CLR 2.0.50727; .NET CLR 3.0.4506.2152; .NET CLR 3.5.30729; InfoPath.1)"
85.247.206.71 - - [02/Feb/2011:17:46:09 +0000] "GET /libs/nice_menus_default.css HTTP/1.1" 304 - "http://www.transmsilverio.com/" "Mozilla/4.0 (compatible; MSIE 8.0; Windows NT 5.1; Trident/4.0; .NET CLR 1.1.4322; .NET CLR 2.0.50727; .NET CLR 3.0.4506.2152; .NET CLR 3.5.30729; InfoPath.1)"
85.247.206.71 - - [02/Feb/2011:17:46:09 +0000] "GET /libs/layout.css HTTP/1.1" 304 - "http://www.transmsilverio.com/" "Mozilla/4.0 (compatible; MSIE 8.0; Windows NT 5.1; Trident/4.0; .NET CLR 1.1.4322; .NET CLR 2.0.50727; .NET CLR 3.0.4506.2152; .NET CLR 3.5.30729; InfoPath.1)"
85.247.206.71 - - [02/Feb/2011:17:46:09 +0000] "GET /libs/htmlelements.css HTTP/1.1" 304 - "http://www.transmsilverio.com/" "Mozilla/4.0 (compatible; MSIE 8.0; Windows NT 5.1; Trident/4.0; .NET CLR 1.1.4322; .NET CLR 2.0.50727; .NET CLR 3.0.4506.2152; .NET CLR 3.5.30729; InfoPath.1)"
85.247.206.71 - - [02/Feb/2011:17:46:09 +0000] "GET /libs/style.css HTTP/1.1" 304 - "http://www.transmsilverio.com/" "Mozilla/4.0 (compatible; MSIE 8.0; Windows NT 5.1; Trident/4.0; .NET CLR 1.1.4322; .NET CLR 2.0.50727; .NET CLR 3.0.4506.2152; .NET CLR 3.5.30729; InfoPath.1)"
85.247.206.71 - - [02/Feb/2011:17:46:09 +0000] "GET /libs/jquery_002.js HTTP/1.1" 304 - "http://www.transmsilverio.com/" "Mozilla/4.0 (compatible; MSIE 8.0; Windows NT 5.1; Trident/4.0; .NET CLR 1.1.4322; .NET CLR 2.0.50727; .NET CLR 3.0.4506.2152; .NET CLR 3.5.30729; InfoPath.1)"
85.247.206.71 - - [02/Feb/2011:17:46:09 +0000] "GET /libs/drupal.js HTTP/1.1" 304 - "http://www.transmsilverio.com/" "Mozilla/4.0 (compatible; MSIE 8.0; Windows NT 5.1; Trident/4.0; .NET CLR 1.1.4322; .NET CLR 2.0.50727; .NET CLR 3.0.4506.2152; .NET CLR 3.5.30729; InfoPath.1)"
85.247.206.71 - - [02/Feb/2011:17:46:10 +0000] "GET /libs/superfish.js HTTP/1.1" 304 - "http://www.transmsilverio.com/" "Mozilla/4.0 (compatible; MSIE 8.0; Windows NT 5.1; Trident/4.0; .NET CLR 1.1.4322; .NET CLR 2.0.50727; .NET CLR 3.0.4506.2152; .NET CLR 3.5.30729; InfoPath.1)"
85.247.206.71 - - [02/Feb/2011:17:46:10 +0000] "GET /libs/jquery.js HTTP/1.1" 304 - "http://www.transmsilverio.com/" "Mozilla/4.0 (compatible; MSIE 8.0; Windows NT 5.1; Trident/4.0; .NET CLR 1.1.4322; .NET CLR 2.0.50727; .NET CLR 3.0.4506.2152; .NET CLR 3.5.30729; InfoPath.1)"
85.247.206.71 - - [02/Feb/2011:17:46:10 +0000] "GET /libs/nice_menus.js HTTP/1.1" 304 - "http://www.transmsilverio.com/" "Mozilla/4.0 (compatible; MSIE 8.0; Windows NT 5.1; Trident/4.0; .NET CLR 1.1.4322; .NET CLR 2.0.50727; .NET CLR 3.0.4506.2152; .NET CLR 3.5.30729; InfoPath.1)"
85.247.206.71 - - [02/Feb/2011:17:46:10 +0000] "GET /libs/panels.js HTTP/1.1" 304 - "http://www.transmsilverio.com/" "Mozilla/4.0 (compatible; MSIE 8.0; Windows NT 5.1; Trident/4.0; .NET CLR 1.1.4322; .NET CLR 2.0.50727; .NET CLR 3.0.4506.2152; .NET CLR 3.5.30729; InfoPath.1)"
85.247.206.71 - - [02/Feb/2011:17:46:10 +0000] "GET /libs/jquery_003.js HTTP/1.1" 304 - "http://www.transmsilverio.com/" "Mozilla/4.0 (compatible; MSIE 8.0; Windows NT 5.1; Trident/4.0; .NET CLR 1.1.4322; .NET CLR 2.0.50727; .NET CLR 3.0.4506.2152; .NET CLR 3.5.30729; InfoPath.1)"
85.247.206.71 - - [02/Feb/2011:17:46:10 +0000] "GET /libs/general.js HTTP/1.1" 304 - "http://www.transmsilverio.com/" "Mozilla/4.0 (compatible; MSIE 8.0; Windows NT 5.1; Trident/4.0; .NET CLR 1.1.4322; .NET CLR 2.0.50727; .NET CLR 3.0.4506.2152; .NET CLR 3.5.30729; InfoPath.1)"
85.247.206.71 - - [02/Feb/2011:17:46:10 +0000] "GET /sites/all/themes/liquidframeworks/ie.css HTTP/1.1" 404 290 "http://www.transmsilverio.com/" "Mozilla/4.0 (compatible; MSIE 8.0; Windows NT 5.1; Trident/4.0; .NET CLR 1.1.4322; .NET CLR 2.0.50727; .NET CLR 3.0.4506.2152; .NET CLR 3.5.30729; InfoPath.1)"
85.247.206.71 - - [02/Feb/2011:17:46:10 +0000] "GET /img/home-bg.jpg HTTP/1.1" 304 - "http://www.transmsilverio.com/" "Mozilla/4.0 (compatible; MSIE 8.0; Windows NT 5.1; Trident/4.0; .NET CLR 1.1.4322; .NET CLR 2.0.50727; .NET CLR 3.0.4506.2152; .NET CLR 3.5.30729; InfoPath.1)"
85.247.206.71 - - [02/Feb/2011:17:46:10 +0000] "GET /libs/mslogo.png HTTP/1.1" 304 - "http://www.transmsilverio.com/" "Mozilla/4.0 (compatible; MSIE 8.0; Windows NT 5.1; Trident/4.0; .NET CLR 1.1.4322; .NET CLR 2.0.50727; .NET CLR 3.0.4506.2152; .NET CLR 3.5.30729; InfoPath.1)"
85.247.206.71 - - [02/Feb/2011:17:46:10 +0000] "GET /libs/mountains.jpg HTTP/1.1" 304 - "http://www.transmsilverio.com/" "Mozilla/4.0 (compatible; MSIE 8.0; Windows NT 5.1; Trident/4.0; .NET CLR 1.1.4322; .NET CLR 2.0.50727; .NET CLR 3.0.4506.2152; .NET CLR 3.5.30729; InfoPath.1)"
85.247.206.71 - - [02/Feb/2011:17:46:10 +0000] "GET /img/honeycomb.jpg HTTP/1.1" 304 - "http://www.transmsilverio.com/" "Mozilla/4.0 (compatible; MSIE 8.0; Windows NT 5.1; Trident/4.0; .NET CLR 1.1.4322; .NET CLR 2.0.50727; .NET CLR 3.0.4506.2152; .NET CLR 3.5.30729; InfoPath.1)"
85.247.206.71 - - [02/Feb/2011:17:46:10 +0000] "GET /img/nav-bg.jpg HTTP/1.1" 304 - "http://www.transmsilverio.com/" "Mozilla/4.0 (compatible; MSIE 8.0; Windows NT 5.1; Trident/4.0; .NET CLR 1.1.4322; .NET CLR 2.0.50727; .NET CLR 3.0.4506.2152; .NET CLR 3.5.30729; InfoPath.1)"
85.247.206.71 - - [02/Feb/2011:17:46:10 +0000] "GET /libs/FieldPro.png HTTP/1.1" 304 - "http://www.transmsilverio.com/" "Mozilla/4.0 (compatible; MSIE 8.0; Windows NT 5.1; Trident/4.0; .NET CLR 1.1.4322; .NET CLR 2.0.50727; .NET CLR 3.0.4506.2152; .NET CLR 3.5.30729; InfoPath.1)"
85.247.206.71 - - [02/Feb/2011:17:46:10 +0000] "GET /img/social2/twitter.png HTTP/1.1" 304 - "http://www.transmsilverio.com/" "Mozilla/4.0 (compatible; MSIE 8.0; Windows NT 5.1; Trident/4.0; .NET CLR 1.1.4322; .NET CLR 2.0.50727; .NET CLR 3.0.4506.2152; .NET CLR 3.5.30729; InfoPath.1)"
85.247.206.71 - - [02/Feb/2011:17:46:10 +0000] "GET /libs/Microsoft.png HTTP/1.1" 304 - "http://www.transmsilverio.com/" "Mozilla/4.0 (compatible; MSIE 8.0; Windows NT 5.1; Trident/4.0; .NET CLR 1.1.4322; .NET CLR 2.0.50727; .NET CLR 3.0.4506.2152; .NET CLR 3.5.30729; InfoPath.1)"
85.247.206.71 - - [02/Feb/2011:17:46:10 +0000] "GET /img/social2/facebook.png HTTP/1.1" 304 - "http://www.transmsilverio.com/" "Mozilla/4.0 (compatible; MSIE 8.0; Windows NT 5.1; Trident/4.0; .NET CLR 1.1.4322; .NET CLR 2.0.50727; .NET CLR 3.0.4506.2152; .NET CLR 3.5.30729; InfoPath.1)"
85.247.206.71 - - [02/Feb/2011:17:46:10 +0000] "GET /libs/graph3.png HTTP/1.1" 304 - "http://www.transmsilverio.com/" "Mozilla/4.0 (compatible; MSIE 8.0; Windows NT 5.1; Trident/4.0; .NET CLR 1.1.4322; .NET CLR 2.0.50727; .NET CLR 3.0.4506.2152; .NET CLR 3.5.30729; InfoPath.1)"
85.247.206.71 - - [02/Feb/2011:17:46:10 +0000] "GET /img/social2/rss.png HTTP/1.1" 304 - "http://www.transmsilverio.com/" "Mozilla/4.0 (compatible; MSIE 8.0; Windows NT 5.1; Trident/4.0; .NET CLR 1.1.4322; .NET CLR 2.0.50727; .NET CLR 3.0.4506.2152; .NET CLR 3.5.30729; InfoPath.1)"
85.247.206.71 - - [02/Feb/2011:17:46:10 +0000] "GET /img/nav-left.jpg HTTP/1.1" 304 - "http://www.transmsilverio.com/" "Mozilla/4.0 (compatible; MSIE 8.0; Windows NT 5.1; Trident/4.0; .NET CLR 1.1.4322; .NET CLR 2.0.50727; .NET CLR 3.0.4506.2152; .NET CLR 3.5.30729; InfoPath.1)"
85.247.206.71 - - [02/Feb/2011:17:46:10 +0000] "GET /libs/quemsomos.jpg HTTP/1.1" 304 - "http://www.transmsilverio.com/" "Mozilla/4.0 (compatible; MSIE 8.0; Windows NT 5.1; Trident/4.0; .NET CLR 1.1.4322; .NET CLR 2.0.50727; .NET CLR 3.0.4506.2152; .NET CLR 3.5.30729; InfoPath.1)"
85.247.206.71 - - [02/Feb/2011:17:46:10 +0000] "GET /libs/frota.jpg HTTP/1.1" 304 - "http://www.transmsilverio.com/" "Mozilla/4.0 (compatible; MSIE 8.0; Windows NT 5.1; Trident/4.0; .NET CLR 1.1.4322; .NET CLR 2.0.50727; .NET CLR 3.0.4506.2152; .NET CLR 3.5.30729; InfoPath.1)"
85.247.206.71 - - [02/Feb/2011:17:46:10 +0000] "GET /img/nav-right.jpg HTTP/1.1" 304 - "http://www.transmsilverio.com/" "Mozilla/4.0 (compatible; MSIE 8.0; Windows NT 5.1; Trident/4.0; .NET CLR 1.1.4322; .NET CLR 2.0.50727; .NET CLR 3.0.4506.2152; .NET CLR 3.5.30729; InfoPath.1)"
85.247.206.71 - - [02/Feb/2011:17:46:10 +0000] "GET /libs/contacto.jpg HTTP/1.1" 304 - "http://www.transmsilverio.com/" "Mozilla/4.0 (compatible; MSIE 8.0; Windows NT 5.1; Trident/4.0; .NET CLR 1.1.4322; .NET CLR 2.0.50727; .NET CLR 3.0.4506.2152; .NET CLR 3.5.30729; InfoPath.1)"
85.247.206.71 - - [02/Feb/2011:17:46:10 +0000] "GET /img/slider-bg.png HTTP/1.1" 304 - "http://www.transmsilverio.com/" "Mozilla/4.0 (compatible; MSIE 8.0; Windows NT 5.1; Trident/4.0; .NET CLR 1.1.4322; .NET CLR 2.0.50727; .NET CLR 3.0.4506.2152; .NET CLR 3.5.30729; InfoPath.1)"
85.247.206.71 - - [02/Feb/2011:17:46:10 +0000] "GET /libs/logo.png HTTP/1.1" 304 - "http://www.transmsilverio.com/" "Mozilla/4.0 (compatible; MSIE 8.0; Windows NT 5.1; Trident/4.0; .NET CLR 1.1.4322; .NET CLR 2.0.50727; .NET CLR 3.0.4506.2152; .NET CLR 3.5.30729; InfoPath.1)"
85.247.206.71 - - [02/Feb/2011:17:46:10 +0000] "GET /img/slider-button.jpg HTTP/1.1" 304 - "http://www.transmsilverio.com/" "Mozilla/4.0 (compatible; MSIE 8.0; Windows NT 5.1; Trident/4.0; .NET CLR 1.1.4322; .NET CLR 2.0.50727; .NET CLR 3.0.4506.2152; .NET CLR 3.5.30729; InfoPath.1)"
85.247.206.71 - - [02/Feb/2011:17:46:10 +0000] "GET /img/slidermsg-bg.png HTTP/1.1" 304 - "http://www.transmsilverio.com/" "Mozilla/4.0 (compatible; MSIE 8.0; Windows NT 5.1; Trident/4.0; .NET CLR 1.1.4322; .NET CLR 2.0.50727; .NET CLR 3.0.4506.2152; .NET CLR 3.5.30729; InfoPath.1)"
213.13.115.9 - - [02/Feb/2011:17:46:12 +0000] "GET /favicon.ico HTTP/1.1" 404 271 "-" "Mozilla/5.0 (Windows; U; Windows NT 6.1; en-US) AppleWebKit/534.10 (KHTML, like Gecko) Chrome/8.0.552.237 Safari/534.10"
85.247.206.71 - - [02/Feb/2011:17:46:14 +0000] "GET /img/slider-button_h.jpg HTTP/1.1" 304 - "http://www.transmsilverio.com/" "Mozilla/4.0 (compatible; MSIE 8.0; Windows NT 5.1; Trident/4.0; .NET CLR 1.1.4322; .NET CLR 2.0.50727; .NET CLR 3.0.4506.2152; .NET CLR 3.5.30729; InfoPath.1)"
85.247.206.71 - - [02/Feb/2011:17:46:16 +0000] "GET /img/slider-button_h.jpg HTTP/1.1" 304 - "http://www.transmsilverio.com/" "Mozilla/4.0 (compatible; MSIE 8.0; Windows NT 5.1; Trident/4.0; .NET CLR 1.1.4322; .NET CLR 2.0.50727; .NET CLR 3.0.4506.2152; .NET CLR 3.5.30729; InfoPath.1)"
85.247.206.71 - - [02/Feb/2011:17:46:17 +0000] "GET /img/slider-button_h.jpg HTTP/1.1" 304 - "http://www.transmsilverio.com/" "Mozilla/4.0 (compatible; MSIE 8.0; Windows NT 5.1; Trident/4.0; .NET CLR 1.1.4322; .NET CLR 2.0.50727; .NET CLR 3.0.4506.2152; .NET CLR 3.5.30729; InfoPath.1)"
85.247.206.71 - - [02/Feb/2011:17:46:19 +0000] "GET /img/slider-button_h.jpg HTTP/1.1" 304 - "http://www.transmsilverio.com/" "Mozilla/4.0 (compatible; MSIE 8.0; Windows NT 5.1; Trident/4.0; .NET CLR 1.1.4322; .NET CLR 2.0.50727; .NET CLR 3.0.4506.2152; .NET CLR 3.5.30729; InfoPath.1)"
213.13.115.9 - - [02/Feb/2011:17:46:21 +0000] "GET /img/hover-cap-right.jpg HTTP/1.1" 200 8688 "http://www.transmsilverio.com/" "Mozilla/5.0 (Windows; U; Windows NT 6.1; en-US) AppleWebKit/534.10 (KHTML, like Gecko) Chrome/8.0.552.237 Safari/534.10"
85.247.206.71 - - [02/Feb/2011:17:46:21 +0000] "GET /img/slider-button_h.jpg HTTP/1.1" 304 - "http://www.transmsilverio.com/" "Mozilla/4.0 (compatible; MSIE 8.0; Windows NT 5.1; Trident/4.0; .NET CLR 1.1.4322; .NET CLR 2.0.50727; .NET CLR 3.0.4506.2152; .NET CLR 3.5.30729; InfoPath.1)"
213.13.115.9 - - [02/Feb/2011:17:46:21 +0000] "GET /favicon.ico HTTP/1.1" 404 271 "-" "Mozilla/5.0 (Windows; U; Windows NT 6.1; en-US) AppleWebKit/534.10 (KHTML, like Gecko) Chrome/8.0.552.237 Safari/534.10"
85.247.206.71 - - [02/Feb/2011:17:46:22 +0000] "GET /img/slider-button_h.jpg HTTP/1.1" 304 - "http://www.transmsilverio.com/" "Mozilla/4.0 (compatible; MSIE 8.0; Windows NT 5.1; Trident/4.0; .NET CLR 1.1.4322; .NET CLR 2.0.50727; .NET CLR 3.0.4506.2152; .NET CLR 3.5.30729; InfoPath.1)"
213.13.115.9 - - [02/Feb/2011:17:46:23 +0000] "GET /favicon.ico HTTP/1.1" 404 271 "-" "Mozilla/5.0 (Windows; U; Windows NT 6.1; en-US) AppleWebKit/534.10 (KHTML, like Gecko) Chrome/8.0.552.237 Safari/534.10"
85.247.206.71 - - [02/Feb/2011:17:46:25 +0000] "GET /img/slider-button_h.jpg HTTP/1.1" 304 - "http://www.transmsilverio.com/" "Mozilla/4.0 (compatible; MSIE 8.0; Windows NT 5.1; Trident/4.0; .NET CLR 1.1.4322; .NET CLR 2.0.50727; .NET CLR 3.0.4506.2152; .NET CLR 3.5.30729; InfoPath.1)"
85.247.206.71 - - [02/Feb/2011:17:46:26 +0000] "GET /img/slider-button_h.jpg HTTP/1.1" 304 - "http://www.transmsilverio.com/" "Mozilla/4.0 (compatible; MSIE 8.0; Windows NT 5.1; Trident/4.0; .NET CLR 1.1.4322; .NET CLR 2.0.50727; .NET CLR 3.0.4506.2152; .NET CLR 3.5.30729; InfoPath.1)"
85.247.206.71 - - [02/Feb/2011:17:46:29 +0000] "GET /img/slider-button_h.jpg HTTP/1.1" 304 - "http://www.transmsilverio.com/" "Mozilla/4.0 (compatible; MSIE 8.0; Windows NT 5.1; Trident/4.0; .NET CLR 1.1.4322; .NET CLR 2.0.50727; .NET CLR 3.0.4506.2152; .NET CLR 3.5.30729; InfoPath.1)"
213.13.115.9 - - [02/Feb/2011:17:46:30 +0000] "GET /favicon.ico HTTP/1.1" 404 271 "-" "Mozilla/5.0 (Windows; U; Windows NT 6.1; en-US) AppleWebKit/534.10 (KHTML, like Gecko) Chrome/8.0.552.237 Safari/534.10"
213.13.115.9 - - [02/Feb/2011:17:46:34 +0000] "GET /favicon.ico HTTP/1.1" 404 271 "-" "Mozilla/5.0 (Windows; U; Windows NT 6.1; en-US) AppleWebKit/534.10 (KHTML, like Gecko) Chrome/8.0.552.237 Safari/534.10"
85.247.206.71 - - [02/Feb/2011:17:46:34 +0000] "GET /img/slider-button_h.jpg HTTP/1.1" 304 - "http://www.transmsilverio.com/" "Mozilla/4.0 (compatible; MSIE 8.0; Windows NT 5.1; Trident/4.0; .NET CLR 1.1.4322; .NET CLR 2.0.50727; .NET CLR 3.0.4506.2152; .NET CLR 3.5.30729; InfoPath.1)"
213.13.115.9 - - [02/Feb/2011:17:46:36 +0000] "GET /favicon.ico HTTP/1.1" 404 271 "-" "Mozilla/5.0 (Windows; U; Windows NT 6.1; en-US) AppleWebKit/534.10 (KHTML, like Gecko) Chrome/8.0.552.237 Safari/534.10"
213.13.115.9 - - [02/Feb/2011:17:46:37 +0000] "GET /favicon.ico HTTP/1.1" 404 271 "-" "Mozilla/5.0 (Windows; U; Windows NT 6.1; en-US) AppleWebKit/534.10 (KHTML, like Gecko) Chrome/8.0.552.237 Safari/534.10"
85.247.206.71 - - [02/Feb/2011:17:46:39 +0000] "GET /img/slider-button_h.jpg HTTP/1.1" 304 - "http://www.transmsilverio.com/" "Mozilla/4.0 (compatible; MSIE 8.0; Windows NT 5.1; Trident/4.0; .NET CLR 1.1.4322; .NET CLR 2.0.50727; .NET CLR 3.0.4506.2152; .NET CLR 3.5.30729; InfoPath.1)"
213.13.115.9 - - [02/Feb/2011:17:46:39 +0000] "GET /index.php?lng=eng HTTP/1.1" 200 4392 "http://www.transmsilverio.com/" "Mozilla/5.0 (Windows; U; Windows NT 6.1; en-US) AppleWebKit/534.10 (KHTML, like Gecko) Chrome/8.0.552.237 Safari/534.10"
213.13.115.9 - - [02/Feb/2011:17:46:41 +0000] "GET /favicon.ico HTTP/1.1" 404 271 "-" "Mozilla/5.0 (Windows; U; Windows NT 6.1; en-US) AppleWebKit/534.10 (KHTML, like Gecko) Chrome/8.0.552.237 Safari/534.10"
85.247.206.71 - - [02/Feb/2011:17:46:41 +0000] "GET /img/slider-button_h.jpg HTTP/1.1" 304 - "http://www.transmsilverio.com/" "Mozilla/4.0 (compatible; MSIE 8.0; Windows NT 5.1; Trident/4.0; .NET CLR 1.1.4322; .NET CLR 2.0.50727; .NET CLR 3.0.4506.2152; .NET CLR 3.5.30729; InfoPath.1)"
213.13.115.9 - - [02/Feb/2011:17:46:42 +0000] "GET /index.php?lng=eng HTTP/1.1" 200 4392 "http://www.transmsilverio.com/index.php?lng=eng" "Mozilla/5.0 (Windows; U; Windows NT 6.1; en-US) AppleWebKit/534.10 (KHTML, like Gecko) Chrome/8.0.552.237 Safari/534.10"
85.247.206.71 - - [02/Feb/2011:17:46:43 +0000] "GET /img/nav-hover.jpg HTTP/1.1" 304 - "http://www.transmsilverio.com/" "Mozilla/4.0 (compatible; MSIE 8.0; Windows NT 5.1; Trident/4.0; .NET CLR 1.1.4322; .NET CLR 2.0.50727; .NET CLR 3.0.4506.2152; .NET CLR 3.5.30729; InfoPath.1)"
85.247.206.71 - - [02/Feb/2011:17:46:43 +0000] "GET /img/hover-cap-right.jpg HTTP/1.1" 304 - "http://www.transmsilverio.com/" "Mozilla/4.0 (compatible; MSIE 8.0; Windows NT 5.1; Trident/4.0; .NET CLR 1.1.4322; .NET CLR 2.0.50727; .NET CLR 3.0.4506.2152; .NET CLR 3.5.30729; InfoPath.1)"
85.247.206.71 - - [02/Feb/2011:17:46:44 +0000] "GET /img/nav-right.jpg HTTP/1.1" 304 - "http://www.transmsilverio.com/" "Mozilla/4.0 (compatible; MSIE 8.0; Windows NT 5.1; Trident/4.0; .NET CLR 1.1.4322; .NET CLR 2.0.50727; .NET CLR 3.0.4506.2152; .NET CLR 3.5.30729; InfoPath.1)"
213.13.115.9 - - [02/Feb/2011:17:46:44 +0000] "GET /favicon.ico HTTP/1.1" 404 271 "-" "Mozilla/5.0 (Windows; U; Windows NT 6.1; en-US) AppleWebKit/534.10 (KHTML, like Gecko) Chrome/8.0.552.237 Safari/534.10"
213.13.115.9 - - [02/Feb/2011:17:46:45 +0000] "GET /index.php?lng=eng HTTP/1.1" 200 4392 "http://www.transmsilverio.com/index.php?lng=eng" "Mozilla/5.0 (Windows; U; Windows NT 6.1; en-US) AppleWebKit/534.10 (KHTML, like Gecko) Chrome/8.0.552.237 Safari/534.10"
85.247.206.71 - - [02/Feb/2011:17:46:45 +0000] "GET /img/nav-hover.jpg HTTP/1.1" 304 - "http://www.transmsilverio.com/" "Mozilla/4.0 (compatible; MSIE 8.0; Windows NT 5.1; Trident/4.0; .NET CLR 1.1.4322; .NET CLR 2.0.50727; .NET CLR 3.0.4506.2152; .NET CLR 3.5.30729; InfoPath.1)"
85.247.206.71 - - [02/Feb/2011:17:46:45 +0000] "GET /img/nav-right.jpg HTTP/1.1" 304 - "http://www.transmsilverio.com/" "Mozilla/4.0 (compatible; MSIE 8.0; Windows NT 5.1; Trident/4.0; .NET CLR 1.1.4322; .NET CLR 2.0.50727; .NET CLR 3.0.4506.2152; .NET CLR 3.5.30729; InfoPath.1)"
85.247.206.71 - - [02/Feb/2011:17:46:46 +0000] "GET /img/nav-hover.jpg HTTP/1.1" 304 - "http://www.transmsilverio.com/" "Mozilla/4.0 (compatible; MSIE 8.0; Windows NT 5.1; Trident/4.0; .NET CLR 1.1.4322; .NET CLR 2.0.50727; .NET CLR 3.0.4506.2152; .NET CLR 3.5.30729; InfoPath.1)"
85.247.206.71 - - [02/Feb/2011:17:46:47 +0000] "GET /img/nav-right.jpg HTTP/1.1" 304 - "http://www.transmsilverio.com/" "Mozilla/4.0 (compatible; MSIE 8.0; Windows NT 5.1; Trident/4.0; .NET CLR 1.1.4322; .NET CLR 2.0.50727; .NET CLR 3.0.4506.2152; .NET CLR 3.5.30729; InfoPath.1)"
213.13.115.9 - - [02/Feb/2011:17:46:47 +0000] "GET /favicon.ico HTTP/1.1" 404 271 "-" "Mozilla/5.0 (Windows; U; Windows NT 6.1; en-US) AppleWebKit/534.10 (KHTML, like Gecko) Chrome/8.0.552.237 Safari/534.10"
213.13.115.9 - - [02/Feb/2011:17:46:47 +0000] "GET /index.php?lng=es HTTP/1.1" 200 4392 "http://www.transmsilverio.com/index.php?lng=eng" "Mozilla/5.0 (Windows; U; Windows NT 6.1; en-US) AppleWebKit/534.10 (KHTML, like Gecko) Chrome/8.0.552.237 Safari/534.10"
85.247.206.71 - - [02/Feb/2011:17:46:47 +0000] "GET /index.php?lng=eng HTTP/1.1" 200 4392 "http://www.transmsilverio.com/" "Mozilla/4.0 (compatible; MSIE 8.0; Windows NT 5.1; Trident/4.0; .NET CLR 1.1.4322; .NET CLR 2.0.50727; .NET CLR 3.0.4506.2152; .NET CLR 3.5.30729; InfoPath.1)"
85.247.206.71 - - [02/Feb/2011:17:46:47 +0000] "GET /libs/system.css HTTP/1.1" 304 - "http://www.transmsilverio.com/index.php?lng=eng" "Mozilla/4.0 (compatible; MSIE 8.0; Windows NT 5.1; Trident/4.0; .NET CLR 1.1.4322; .NET CLR 2.0.50727; .NET CLR 3.0.4506.2152; .NET CLR 3.5.30729; InfoPath.1)"
85.247.206.71 - - [02/Feb/2011:17:46:47 +0000] "GET /libs/defaults.css HTTP/1.1" 304 - "http://www.transmsilverio.com/index.php?lng=eng" "Mozilla/4.0 (compatible; MSIE 8.0; Windows NT 5.1; Trident/4.0; .NET CLR 1.1.4322; .NET CLR 2.0.50727; .NET CLR 3.0.4506.2152; .NET CLR 3.5.30729; InfoPath.1)"
85.247.206.71 - - [02/Feb/2011:17:46:47 +0000] "GET /libs/content-module.css HTTP/1.1" 304 - "http://www.transmsilverio.com/index.php?lng=eng" "Mozilla/4.0 (compatible; MSIE 8.0; Windows NT 5.1; Trident/4.0; .NET CLR 1.1.4322; .NET CLR 2.0.50727; .NET CLR 3.0.4506.2152; .NET CLR 3.5.30729; InfoPath.1)"
85.247.206.71 - - [02/Feb/2011:17:46:47 +0000] "GET /libs/jquery-1.4.4.js HTTP/1.1" 304 - "http://www.transmsilverio.com/index.php?lng=eng" "Mozilla/4.0 (compatible; MSIE 8.0; Windows NT 5.1; Trident/4.0; .NET CLR 1.1.4322; .NET CLR 2.0.50727; .NET CLR 3.0.4506.2152; .NET CLR 3.5.30729; InfoPath.1)"
85.247.206.71 - - [02/Feb/2011:17:46:47 +0000] "GET /libs/nice_menus.css HTTP/1.1" 304 - "http://www.transmsilverio.com/index.php?lng=eng" "Mozilla/4.0 (compatible; MSIE 8.0; Windows NT 5.1; Trident/4.0; .NET CLR 1.1.4322; .NET CLR 2.0.50727; .NET CLR 3.0.4506.2152; .NET CLR 3.5.30729; InfoPath.1)"
85.247.206.71 - - [02/Feb/2011:17:46:47 +0000] "GET /libs/system-menus.css HTTP/1.1" 304 - "http://www.transmsilverio.com/index.php?lng=eng" "Mozilla/4.0 (compatible; MSIE 8.0; Windows NT 5.1; Trident/4.0; .NET CLR 1.1.4322; .NET CLR 2.0.50727; .NET CLR 3.0.4506.2152; .NET CLR 3.5.30729; InfoPath.1)"
85.247.206.71 - - [02/Feb/2011:17:46:48 +0000] "GET /libs/panels.css HTTP/1.1" 304 - "http://www.transmsilverio.com/index.php?lng=eng" "Mozilla/4.0 (compatible; MSIE 8.0; Windows NT 5.1; Trident/4.0; .NET CLR 1.1.4322; .NET CLR 2.0.50727; .NET CLR 3.0.4506.2152; .NET CLR 3.5.30729; InfoPath.1)"
85.247.206.71 - - [02/Feb/2011:17:46:48 +0000] "GET /libs/htmlelements.css HTTP/1.1" 304 - "http://www.transmsilverio.com/index.php?lng=eng" "Mozilla/4.0 (compatible; MSIE 8.0; Windows NT 5.1; Trident/4.0; .NET CLR 1.1.4322; .NET CLR 2.0.50727; .NET CLR 3.0.4506.2152; .NET CLR 3.5.30729; InfoPath.1)"
85.247.206.71 - - [02/Feb/2011:17:46:48 +0000] "GET /libs/nice_menus_default.css HTTP/1.1" 304 - "http://www.transmsilverio.com/index.php?lng=eng" "Mozilla/4.0 (compatible; MSIE 8.0; Windows NT 5.1; Trident/4.0; .NET CLR 1.1.4322; .NET CLR 2.0.50727; .NET CLR 3.0.4506.2152; .NET CLR 3.5.30729; InfoPath.1)"
85.247.206.71 - - [02/Feb/2011:17:46:48 +0000] "GET /libs/layout.css HTTP/1.1" 304 - "http://www.transmsilverio.com/index.php?lng=eng" "Mozilla/4.0 (compatible; MSIE 8.0; Windows NT 5.1; Trident/4.0; .NET CLR 1.1.4322; .NET CLR 2.0.50727; .NET CLR 3.0.4506.2152; .NET CLR 3.5.30729; InfoPath.1)"
85.247.206.71 - - [02/Feb/2011:17:46:48 +0000] "GET /libs/style.css HTTP/1.1" 304 - "http://www.transmsilverio.com/index.php?lng=eng" "Mozilla/4.0 (compatible; MSIE 8.0; Windows NT 5.1; Trident/4.0; .NET CLR 1.1.4322; .NET CLR 2.0.50727; .NET CLR 3.0.4506.2152; .NET CLR 3.5.30729; InfoPath.1)"
213.13.115.9 - - [02/Feb/2011:17:46:48 +0000] "GET /favicon.ico HTTP/1.1" 404 271 "-" "Mozilla/5.0 (Windows; U; Windows NT 6.1; en-US) AppleWebKit/534.10 (KHTML, like Gecko) Chrome/8.0.552.237 Safari/534.10"
85.247.206.71 - - [02/Feb/2011:17:46:48 +0000] "GET /libs/jquery_002.js HTTP/1.1" 304 - "http://www.transmsilverio.com/index.php?lng=eng" "Mozilla/4.0 (compatible; MSIE 8.0; Windows NT 5.1; Trident/4.0; .NET CLR 1.1.4322; .NET CLR 2.0.50727; .NET CLR 3.0.4506.2152; .NET CLR 3.5.30729; InfoPath.1)"
85.247.206.71 - - [02/Feb/2011:17:46:48 +0000] "GET /libs/drupal.js HTTP/1.1" 304 - "http://www.transmsilverio.com/index.php?lng=eng" "Mozilla/4.0 (compatible; MSIE 8.0; Windows NT 5.1; Trident/4.0; .NET CLR 1.1.4322; .NET CLR 2.0.50727; .NET CLR 3.0.4506.2152; .NET CLR 3.5.30729; InfoPath.1)"
85.247.206.71 - - [02/Feb/2011:17:46:48 +0000] "GET /libs/superfish.js HTTP/1.1" 304 - "http://www.transmsilverio.com/index.php?lng=eng" "Mozilla/4.0 (compatible; MSIE 8.0; Windows NT 5.1; Trident/4.0; .NET CLR 1.1.4322; .NET CLR 2.0.50727; .NET CLR 3.0.4506.2152; .NET CLR 3.5.30729; InfoPath.1)"
85.247.206.71 - - [02/Feb/2011:17:46:48 +0000] "GET /libs/jquery.js HTTP/1.1" 304 - "http://www.transmsilverio.com/index.php?lng=eng" "Mozilla/4.0 (compatible; MSIE 8.0; Windows NT 5.1; Trident/4.0; .NET CLR 1.1.4322; .NET CLR 2.0.50727; .NET CLR 3.0.4506.2152; .NET CLR 3.5.30729; InfoPath.1)"
85.247.206.71 - - [02/Feb/2011:17:46:48 +0000] "GET /libs/nice_menus.js HTTP/1.1" 304 - "http://www.transmsilverio.com/index.php?lng=eng" "Mozilla/4.0 (compatible; MSIE 8.0; Windows NT 5.1; Trident/4.0; .NET CLR 1.1.4322; .NET CLR 2.0.50727; .NET CLR 3.0.4506.2152; .NET CLR 3.5.30729; InfoPath.1)"
85.247.206.71 - - [02/Feb/2011:17:46:48 +0000] "GET /libs/panels.js HTTP/1.1" 304 - "http://www.transmsilverio.com/index.php?lng=eng" "Mozilla/4.0 (compatible; MSIE 8.0; Windows NT 5.1; Trident/4.0; .NET CLR 1.1.4322; .NET CLR 2.0.50727; .NET CLR 3.0.4506.2152; .NET CLR 3.5.30729; InfoPath.1)"
85.247.206.71 - - [02/Feb/2011:17:46:48 +0000] "GET /libs/jquery_003.js HTTP/1.1" 304 - "http://www.transmsilverio.com/index.php?lng=eng" "Mozilla/4.0 (compatible; MSIE 8.0; Windows NT 5.1; Trident/4.0; .NET CLR 1.1.4322; .NET CLR 2.0.50727; .NET CLR 3.0.4506.2152; .NET CLR 3.5.30729; InfoPath.1)"
85.247.206.71 - - [02/Feb/2011:17:46:48 +0000] "GET /libs/general.js HTTP/1.1" 304 - "http://www.transmsilverio.com/index.php?lng=eng" "Mozilla/4.0 (compatible; MSIE 8.0; Windows NT 5.1; Trident/4.0; .NET CLR 1.1.4322; .NET CLR 2.0.50727; .NET CLR 3.0.4506.2152; .NET CLR 3.5.30729; InfoPath.1)"
85.247.206.71 - - [02/Feb/2011:17:46:48 +0000] "GET /sites/all/themes/liquidframeworks/ie.css HTTP/1.1" 404 290 "http://www.transmsilverio.com/index.php?lng=eng" "Mozilla/4.0 (compatible; MSIE 8.0; Windows NT 5.1; Trident/4.0; .NET CLR 1.1.4322; .NET CLR 2.0.50727; .NET CLR 3.0.4506.2152; .NET CLR 3.5.30729; InfoPath.1)"
85.247.206.71 - - [02/Feb/2011:17:46:48 +0000] "GET /libs/mslogo.png HTTP/1.1" 304 - "http://www.transmsilverio.com/index.php?lng=eng" "Mozilla/4.0 (compatible; MSIE 8.0; Windows NT 5.1; Trident/4.0; .NET CLR 1.1.4322; .NET CLR 2.0.50727; .NET CLR 3.0.4506.2152; .NET CLR 3.5.30729; InfoPath.1)"
85.247.206.71 - - [02/Feb/2011:17:46:48 +0000] "GET /libs/mountains.jpg HTTP/1.1" 304 - "http://www.transmsilverio.com/index.php?lng=eng" "Mozilla/4.0 (compatible; MSIE 8.0; Windows NT 5.1; Trident/4.0; .NET CLR 1.1.4322; .NET CLR 2.0.50727; .NET CLR 3.0.4506.2152; .NET CLR 3.5.30729; InfoPath.1)"
85.247.206.71 - - [02/Feb/2011:17:46:48 +0000] "GET /libs/FieldPro.png HTTP/1.1" 304 - "http://www.transmsilverio.com/index.php?lng=eng" "Mozilla/4.0 (compatible; MSIE 8.0; Windows NT 5.1; Trident/4.0; .NET CLR 1.1.4322; .NET CLR 2.0.50727; .NET CLR 3.0.4506.2152; .NET CLR 3.5.30729; InfoPath.1)"
85.247.206.71 - - [02/Feb/2011:17:46:48 +0000] "GET /libs/Microsoft.png HTTP/1.1" 304 - "http://www.transmsilverio.com/index.php?lng=eng" "Mozilla/4.0 (compatible; MSIE 8.0; Windows NT 5.1; Trident/4.0; .NET CLR 1.1.4322; .NET CLR 2.0.50727; .NET CLR 3.0.4506.2152; .NET CLR 3.5.30729; InfoPath.1)"
85.247.206.71 - - [02/Feb/2011:17:46:48 +0000] "GET /libs/graph3.png HTTP/1.1" 304 - "http://www.transmsilverio.com/index.php?lng=eng" "Mozilla/4.0 (compatible; MSIE 8.0; Windows NT 5.1; Trident/4.0; .NET CLR 1.1.4322; .NET CLR 2.0.50727; .NET CLR 3.0.4506.2152; .NET CLR 3.5.30729; InfoPath.1)"
85.247.206.71 - - [02/Feb/2011:17:46:48 +0000] "GET /libs/quemsomos.jpg HTTP/1.1" 304 - "http://www.transmsilverio.com/index.php?lng=eng" "Mozilla/4.0 (compatible; MSIE 8.0; Windows NT 5.1; Trident/4.0; .NET CLR 1.1.4322; .NET CLR 2.0.50727; .NET CLR 3.0.4506.2152; .NET CLR 3.5.30729; InfoPath.1)"
85.247.206.71 - - [02/Feb/2011:17:46:48 +0000] "GET /libs/frota.jpg HTTP/1.1" 304 - "http://www.transmsilverio.com/index.php?lng=eng" "Mozilla/4.0 (compatible; MSIE 8.0; Windows NT 5.1; Trident/4.0; .NET CLR 1.1.4322; .NET CLR 2.0.50727; .NET CLR 3.0.4506.2152; .NET CLR 3.5.30729; InfoPath.1)"
85.247.206.71 - - [02/Feb/2011:17:46:48 +0000] "GET /libs/contacto.jpg HTTP/1.1" 304 - "http://www.transmsilverio.com/index.php?lng=eng" "Mozilla/4.0 (compatible; MSIE 8.0; Windows NT 5.1; Trident/4.0; .NET CLR 1.1.4322; .NET CLR 2.0.50727; .NET CLR 3.0.4506.2152; .NET CLR 3.5.30729; InfoPath.1)"
85.247.206.71 - - [02/Feb/2011:17:46:48 +0000] "GET /libs/logo.png HTTP/1.1" 304 - "http://www.transmsilverio.com/index.php?lng=eng" "Mozilla/4.0 (compatible; MSIE 8.0; Windows NT 5.1; Trident/4.0; .NET CLR 1.1.4322; .NET CLR 2.0.50727; .NET CLR 3.0.4506.2152; .NET CLR 3.5.30729; InfoPath.1)"
85.247.206.71 - - [02/Feb/2011:17:46:48 +0000] "GET /img/home-bg.jpg HTTP/1.1" 304 - "http://www.transmsilverio.com/index.php?lng=eng" "Mozilla/4.0 (compatible; MSIE 8.0; Windows NT 5.1; Trident/4.0; .NET CLR 1.1.4322; .NET CLR 2.0.50727; .NET CLR 3.0.4506.2152; .NET CLR 3.5.30729; InfoPath.1)"
85.247.206.71 - - [02/Feb/2011:17:46:48 +0000] "GET /img/honeycomb.jpg HTTP/1.1" 304 - "http://www.transmsilverio.com/index.php?lng=eng" "Mozilla/4.0 (compatible; MSIE 8.0; Windows NT 5.1; Trident/4.0; .NET CLR 1.1.4322; .NET CLR 2.0.50727; .NET CLR 3.0.4506.2152; .NET CLR 3.5.30729; InfoPath.1)"
85.247.206.71 - - [02/Feb/2011:17:46:48 +0000] "GET /img/nav-bg.jpg HTTP/1.1" 304 - "http://www.transmsilverio.com/index.php?lng=eng" "Mozilla/4.0 (compatible; MSIE 8.0; Windows NT 5.1; Trident/4.0; .NET CLR 1.1.4322; .NET CLR 2.0.50727; .NET CLR 3.0.4506.2152; .NET CLR 3.5.30729; InfoPath.1)"
85.247.206.71 - - [02/Feb/2011:17:46:48 +0000] "GET /img/social2/twitter.png HTTP/1.1" 304 - "http://www.transmsilverio.com/index.php?lng=eng" "Mozilla/4.0 (compatible; MSIE 8.0; Windows NT 5.1; Trident/4.0; .NET CLR 1.1.4322; .NET CLR 2.0.50727; .NET CLR 3.0.4506.2152; .NET CLR 3.5.30729; InfoPath.1)"
85.247.206.71 - - [02/Feb/2011:17:46:48 +0000] "GET /img/social2/facebook.png HTTP/1.1" 304 - "http://www.transmsilverio.com/index.php?lng=eng" "Mozilla/4.0 (compatible; MSIE 8.0; Windows NT 5.1; Trident/4.0; .NET CLR 1.1.4322; .NET CLR 2.0.50727; .NET CLR 3.0.4506.2152; .NET CLR 3.5.30729; InfoPath.1)"
85.247.206.71 - - [02/Feb/2011:17:46:48 +0000] "GET /img/nav-left.jpg HTTP/1.1" 304 - "http://www.transmsilverio.com/index.php?lng=eng" "Mozilla/4.0 (compatible; MSIE 8.0; Windows NT 5.1; Trident/4.0; .NET CLR 1.1.4322; .NET CLR 2.0.50727; .NET CLR 3.0.4506.2152; .NET CLR 3.5.30729; InfoPath.1)"
85.247.206.71 - - [02/Feb/2011:17:46:48 +0000] "GET /img/social2/rss.png HTTP/1.1" 304 - "http://www.transmsilverio.com/index.php?lng=eng" "Mozilla/4.0 (compatible; MSIE 8.0; Windows NT 5.1; Trident/4.0; .NET CLR 1.1.4322; .NET CLR 2.0.50727; .NET CLR 3.0.4506.2152; .NET CLR 3.5.30729; InfoPath.1)"
85.247.206.71 - - [02/Feb/2011:17:46:48 +0000] "GET /img/nav-right.jpg HTTP/1.1" 304 - "http://www.transmsilverio.com/index.php?lng=eng" "Mozilla/4.0 (compatible; MSIE 8.0; Windows NT 5.1; Trident/4.0; .NET CLR 1.1.4322; .NET CLR 2.0.50727; .NET CLR 3.0.4506.2152; .NET CLR 3.5.30729; InfoPath.1)"
85.247.206.71 - - [02/Feb/2011:17:46:48 +0000] "GET /img/slider-bg.png HTTP/1.1" 304 - "http://www.transmsilverio.com/index.php?lng=eng" "Mozilla/4.0 (compatible; MSIE 8.0; Windows NT 5.1; Trident/4.0; .NET CLR 1.1.4322; .NET CLR 2.0.50727; .NET CLR 3.0.4506.2152; .NET CLR 3.5.30729; InfoPath.1)"
85.247.206.71 - - [02/Feb/2011:17:46:48 +0000] "GET /img/slider-button.jpg HTTP/1.1" 304 - "http://www.transmsilverio.com/index.php?lng=eng" "Mozilla/4.0 (compatible; MSIE 8.0; Windows NT 5.1; Trident/4.0; .NET CLR 1.1.4322; .NET CLR 2.0.50727; .NET CLR 3.0.4506.2152; .NET CLR 3.5.30729; InfoPath.1)"
85.247.206.71 - - [02/Feb/2011:17:46:48 +0000] "GET /img/slidermsg-bg.png HTTP/1.1" 304 - "http://www.transmsilverio.com/index.php?lng=eng" "Mozilla/4.0 (compatible; MSIE 8.0; Windows NT 5.1; Trident/4.0; .NET CLR 1.1.4322; .NET CLR 2.0.50727; .NET CLR 3.0.4506.2152; .NET CLR 3.5.30729; InfoPath.1)"
85.247.206.71 - - [02/Feb/2011:17:46:49 +0000] "GET /img/nav-hover.jpg HTTP/1.1" 304 - "http://www.transmsilverio.com/index.php?lng=eng" "Mozilla/4.0 (compatible; MSIE 8.0; Windows NT 5.1; Trident/4.0; .NET CLR 1.1.4322; .NET CLR 2.0.50727; .NET CLR 3.0.4506.2152; .NET CLR 3.5.30729; InfoPath.1)"
85.247.206.71 - - [02/Feb/2011:17:46:49 +0000] "GET /img/hover-cap-right.jpg HTTP/1.1" 304 - "http://www.transmsilverio.com/index.php?lng=eng" "Mozilla/4.0 (compatible; MSIE 8.0; Windows NT 5.1; Trident/4.0; .NET CLR 1.1.4322; .NET CLR 2.0.50727; .NET CLR 3.0.4506.2152; .NET CLR 3.5.30729; InfoPath.1)"
85.247.206.71 - - [02/Feb/2011:17:46:49 +0000] "GET /img/nav-right.jpg HTTP/1.1" 304 - "http://www.transmsilverio.com/index.php?lng=eng" "Mozilla/4.0 (compatible; MSIE 8.0; Windows NT 5.1; Trident/4.0; .NET CLR 1.1.4322; .NET CLR 2.0.50727; .NET CLR 3.0.4506.2152; .NET CLR 3.5.30729; InfoPath.1)"
213.13.115.9 - - [02/Feb/2011:17:46:50 +0000] "GET /index.php?lng=eng HTTP/1.1" 200 4392 "http://www.transmsilverio.com/index.php?lng=es" "Mozilla/5.0 (Windows; U; Windows NT 6.1; en-US) AppleWebKit/534.10 (KHTML, like Gecko) Chrome/8.0.552.237 Safari/534.10"
213.13.115.9 - - [02/Feb/2011:17:46:51 +0000] "GET /favicon.ico HTTP/1.1" 404 271 "-" "Mozilla/5.0 (Windows; U; Windows NT 6.1; en-US) AppleWebKit/534.10 (KHTML, like Gecko) Chrome/8.0.552.237 Safari/534.10"
213.13.115.9 - - [02/Feb/2011:17:46:57 +0000] "GET /favicon.ico HTTP/1.1" 404 271 "-" "Mozilla/5.0 (Windows; U; Windows NT 6.1; en-US) AppleWebKit/534.10 (KHTML, like Gecko) Chrome/8.0.552.237 Safari/534.10"
213.13.115.9 - - [02/Feb/2011:17:47:01 +0000] "GET /favicon.ico HTTP/1.1" 404 271 "-" "Mozilla/5.0 (Windows; U; Windows NT 6.1; en-US) AppleWebKit/534.10 (KHTML, like Gecko) Chrome/8.0.552.237 Safari/534.10"
213.13.115.9 - - [02/Feb/2011:17:47:04 +0000] "GET /favicon.ico HTTP/1.1" 404 271 "-" "Mozilla/5.0 (Windows; U; Windows NT 6.1; en-US) AppleWebKit/534.10 (KHTML, like Gecko) Chrome/8.0.552.237 Safari/534.10"
213.13.115.9 - - [02/Feb/2011:17:47:06 +0000] "GET /favicon.ico HTTP/1.1" 404 271 "-" "Mozilla/5.0 (Windows; U; Windows NT 6.1; en-US) AppleWebKit/534.10 (KHTML, like Gecko) Chrome/8.0.552.237 Safari/534.10"
85.247.206.71 - - [02/Feb/2011:17:54:35 +0000] "GET /img/nav-hover.jpg HTTP/1.1" 304 - "http://www.transmsilverio.com/index.php?lng=eng" "Mozilla/4.0 (compatible; MSIE 8.0; Windows NT 5.1; Trident/4.0; .NET CLR 1.1.4322; .NET CLR 2.0.50727; .NET CLR 3.0.4506.2152; .NET CLR 3.5.30729; InfoPath.1)"
85.247.206.71 - - [02/Feb/2011:17:54:35 +0000] "GET /img/hover-cap-left.jpg HTTP/1.1" 304 - "http://www.transmsilverio.com/index.php?lng=eng" "Mozilla/4.0 (compatible; MSIE 8.0; Windows NT 5.1; Trident/4.0; .NET CLR 1.1.4322; .NET CLR 2.0.50727; .NET CLR 3.0.4506.2152; .NET CLR 3.5.30729; InfoPath.1)"
85.247.206.71 - - [02/Feb/2011:17:54:39 +0000] "GET /img/nav-left.jpg HTTP/1.1" 304 - "http://www.transmsilverio.com/index.php?lng=eng" "Mozilla/4.0 (compatible; MSIE 8.0; Windows NT 5.1; Trident/4.0; .NET CLR 1.1.4322; .NET CLR 2.0.50727; .NET CLR 3.0.4506.2152; .NET CLR 3.5.30729; InfoPath.1)"
85.247.206.71 - - [02/Feb/2011:17:54:39 +0000] "GET /img/nav-hover.jpg HTTP/1.1" 304 - "http://www.transmsilverio.com/index.php?lng=eng" "Mozilla/4.0 (compatible; MSIE 8.0; Windows NT 5.1; Trident/4.0; .NET CLR 1.1.4322; .NET CLR 2.0.50727; .NET CLR 3.0.4506.2152; .NET CLR 3.5.30729; InfoPath.1)"
85.247.206.71 - - [02/Feb/2011:17:55:07 +0000] "GET /img/nav-right.jpg HTTP/1.1" 304 - "http://www.transmsilverio.com/index.php?lng=eng" "Mozilla/4.0 (compatible; MSIE 8.0; Windows NT 5.1; Trident/4.0; .NET CLR 1.1.4322; .NET CLR 2.0.50727; .NET CLR 3.0.4506.2152; .NET CLR 3.5.30729; InfoPath.1)"
85.247.206.71 - - [02/Feb/2011:17:55:11 +0000] "GET /img/nav-left.jpg HTTP/1.1" 304 - "http://www.transmsilverio.com/index.php?lng=eng" "Mozilla/4.0 (compatible; MSIE 8.0; Windows NT 5.1; Trident/4.0; .NET CLR 1.1.4322; .NET CLR 2.0.50727; .NET CLR 3.0.4506.2152; .NET CLR 3.5.30729; InfoPath.1)"
184.73.30.110 - - [02/Feb/2011:23:32:12 +0000] "GET /robots.txt HTTP/1.1" 404 268 "-" "Mozilla/5.0 (compatible; AboutUsBot Johnny5/2.0; +http://www.AboutUs.org/)"
184.73.30.110 - - [02/Feb/2011:23:41:50 +0000] "GET / HTTP/1.1" 200 4392 "-" "Mozilla/5.0 (compatible; AboutUsBot Johnny5/2.0; +http://www.AboutUs.org/)"
208.80.194.29 - - [03/Feb/2011:19:19:08 +0000] "GET / HTTP/1.0" 200 23942 "-" "Mozilla/4.0 (compatible; MSIE 6.0; Windows NT 5.1; SV1; acc=aplustech; acc=none; (none); .NET CLR 1.1.4322; Alexa Toolbar)"
213.63.23.165 - - [03/Feb/2011:19:48:53 +0000] "GET / HTTP/1.1" 200 4392 "-" "Mozilla/5.0 (Windows; U; Windows NT 6.1; en-US) AppleWebKit/534.10 (KHTML, like Gecko) Chrome/8.0.552.237 Safari/534.10"
213.63.23.165 - - [03/Feb/2011:19:48:53 +0000] "GET /libs/defaults.css HTTP/1.1" 200 661 "http://www.transmsilverio.com/" "Mozilla/5.0 (Windows; U; Windows NT 6.1; en-US) AppleWebKit/534.10 (KHTML, like Gecko) Chrome/8.0.552.237 Safari/534.10"
213.63.23.165 - - [03/Feb/2011:19:48:53 +0000] "GET /libs/system.css HTTP/1.1" 200 10807 "http://www.transmsilverio.com/" "Mozilla/5.0 (Windows; U; Windows NT 6.1; en-US) AppleWebKit/534.10 (KHTML, like Gecko) Chrome/8.0.552.237 Safari/534.10"
213.63.23.165 - - [03/Feb/2011:19:48:53 +0000] "GET /libs/system-menus.css HTTP/1.1" 200 923 "http://www.transmsilverio.com/" "Mozilla/5.0 (Windows; U; Windows NT 6.1; en-US) AppleWebKit/534.10 (KHTML, like Gecko) Chrome/8.0.552.237 Safari/534.10"
213.63.23.165 - - [03/Feb/2011:19:48:53 +0000] "GET /libs/content-module.css HTTP/1.1" 200 2397 "http://www.transmsilverio.com/" "Mozilla/5.0 (Windows; U; Windows NT 6.1; en-US) AppleWebKit/534.10 (KHTML, like Gecko) Chrome/8.0.552.237 Safari/534.10"
213.63.23.165 - - [03/Feb/2011:19:48:53 +0000] "GET /libs/nice_menus.css HTTP/1.1" 200 3627 "http://www.transmsilverio.com/" "Mozilla/5.0 (Windows; U; Windows NT 6.1; en-US) AppleWebKit/534.10 (KHTML, like Gecko) Chrome/8.0.552.237 Safari/534.10"
213.63.23.165 - - [03/Feb/2011:19:48:53 +0000] "GET /libs/nice_menus_default.css HTTP/1.1" 200 5155 "http://www.transmsilverio.com/" "Mozilla/5.0 (Windows; U; Windows NT 6.1; en-US) AppleWebKit/534.10 (KHTML, like Gecko) Chrome/8.0.552.237 Safari/534.10"
213.63.23.165 - - [03/Feb/2011:19:48:53 +0000] "GET /libs/panels.css HTTP/1.1" 200 911 "http://www.transmsilverio.com/" "Mozilla/5.0 (Windows; U; Windows NT 6.1; en-US) AppleWebKit/534.10 (KHTML, like Gecko) Chrome/8.0.552.237 Safari/534.10"
213.63.23.165 - - [03/Feb/2011:19:48:53 +0000] "GET /libs/layout.css HTTP/1.1" 200 743 "http://www.transmsilverio.com/" "Mozilla/5.0 (Windows; U; Windows NT 6.1; en-US) AppleWebKit/534.10 (KHTML, like Gecko) Chrome/8.0.552.237 Safari/534.10"
213.63.23.165 - - [03/Feb/2011:19:48:53 +0000] "GET /libs/htmlelements.css HTTP/1.1" 200 1775 "http://www.transmsilverio.com/" "Mozilla/5.0 (Windows; U; Windows NT 6.1; en-US) AppleWebKit/534.10 (KHTML, like Gecko) Chrome/8.0.552.237 Safari/534.10"
213.63.23.165 - - [03/Feb/2011:19:48:53 +0000] "GET /libs/style.css HTTP/1.1" 200 35390 "http://www.transmsilverio.com/" "Mozilla/5.0 (Windows; U; Windows NT 6.1; en-US) AppleWebKit/534.10 (KHTML, like Gecko) Chrome/8.0.552.237 Safari/534.10"
213.63.23.165 - - [03/Feb/2011:19:48:54 +0000] "GET /libs/jquery_002.js HTTP/1.1" 200 31089 "http://www.transmsilverio.com/" "Mozilla/5.0 (Windows; U; Windows NT 6.1; en-US) AppleWebKit/534.10 (KHTML, like Gecko) Chrome/8.0.552.237 Safari/534.10"
213.63.23.165 - - [03/Feb/2011:19:48:54 +0000] "GET /libs/drupal.js HTTP/1.1" 200 9834 "http://www.transmsilverio.com/" "Mozilla/5.0 (Windows; U; Windows NT 6.1; en-US) AppleWebKit/534.10 (KHTML, like Gecko) Chrome/8.0.552.237 Safari/534.10"
213.63.23.165 - - [03/Feb/2011:19:48:54 +0000] "GET /libs/superfish.js HTTP/1.1" 200 3714 "http://www.transmsilverio.com/" "Mozilla/5.0 (Windows; U; Windows NT 6.1; en-US) AppleWebKit/534.10 (KHTML, like Gecko) Chrome/8.0.552.237 Safari/534.10"
213.63.23.165 - - [03/Feb/2011:19:48:54 +0000] "GET /libs/jquery.js HTTP/1.1" 200 1517 "http://www.transmsilverio.com/" "Mozilla/5.0 (Windows; U; Windows NT 6.1; en-US) AppleWebKit/534.10 (KHTML, like Gecko) Chrome/8.0.552.237 Safari/534.10"
213.63.23.165 - - [03/Feb/2011:19:48:54 +0000] "GET /libs/nice_menus.js HTTP/1.1" 200 812 "http://www.transmsilverio.com/" "Mozilla/5.0 (Windows; U; Windows NT 6.1; en-US) AppleWebKit/534.10 (KHTML, like Gecko) Chrome/8.0.552.237 Safari/534.10"
213.63.23.165 - - [03/Feb/2011:19:48:55 +0000] "GET /libs/panels.js HTTP/1.1" 200 797 "http://www.transmsilverio.com/" "Mozilla/5.0 (Windows; U; Windows NT 6.1; en-US) AppleWebKit/534.10 (KHTML, like Gecko) Chrome/8.0.552.237 Safari/534.10"
213.63.23.165 - - [03/Feb/2011:19:48:55 +0000] "GET /libs/jquery_003.js HTTP/1.1" 200 1482 "http://www.transmsilverio.com/" "Mozilla/5.0 (Windows; U; Windows NT 6.1; en-US) AppleWebKit/534.10 (KHTML, like Gecko) Chrome/8.0.552.237 Safari/534.10"
213.63.23.165 - - [03/Feb/2011:19:48:53 +0000] "GET /libs/jquery-1.4.4.js HTTP/1.1" 200 183184 "http://www.transmsilverio.com/" "Mozilla/5.0 (Windows; U; Windows NT 6.1; en-US) AppleWebKit/534.10 (KHTML, like Gecko) Chrome/8.0.552.237 Safari/534.10"
213.63.23.165 - - [03/Feb/2011:19:48:55 +0000] "GET /libs/general.js HTTP/1.1" 200 1388 "http://www.transmsilverio.com/" "Mozilla/5.0 (Windows; U; Windows NT 6.1; en-US) AppleWebKit/534.10 (KHTML, like Gecko) Chrome/8.0.552.237 Safari/534.10"
213.63.23.165 - - [03/Feb/2011:19:48:58 +0000] "GET /img/home-bg.jpg HTTP/1.1" 200 953 "http://www.transmsilverio.com/" "Mozilla/5.0 (Windows; U; Windows NT 6.1; en-US) AppleWebKit/534.10 (KHTML, like Gecko) Chrome/8.0.552.237 Safari/534.10"
213.63.23.165 - - [03/Feb/2011:19:48:58 +0000] "GET /img/social2/twitter.png HTTP/1.1" 200 4962 "http://www.transmsilverio.com/" "Mozilla/5.0 (Windows; U; Windows NT 6.1; en-US) AppleWebKit/534.10 (KHTML, like Gecko) Chrome/8.0.552.237 Safari/534.10"
213.63.23.165 - - [03/Feb/2011:19:48:58 +0000] "GET /libs/mslogo.png HTTP/1.1" 200 9367 "http://www.transmsilverio.com/" "Mozilla/5.0 (Windows; U; Windows NT 6.1; en-US) AppleWebKit/534.10 (KHTML, like Gecko) Chrome/8.0.552.237 Safari/534.10"
213.63.23.165 - - [03/Feb/2011:19:48:58 +0000] "GET /img/social2/facebook.png HTTP/1.1" 200 4946 "http://www.transmsilverio.com/" "Mozilla/5.0 (Windows; U; Windows NT 6.1; en-US) AppleWebKit/534.10 (KHTML, like Gecko) Chrome/8.0.552.237 Safari/534.10"
213.63.23.165 - - [03/Feb/2011:19:48:58 +0000] "GET /img/social2/rss.png HTTP/1.1" 200 5286 "http://www.transmsilverio.com/" "Mozilla/5.0 (Windows; U; Windows NT 6.1; en-US) AppleWebKit/534.10 (KHTML, like Gecko) Chrome/8.0.552.237 Safari/534.10"
213.63.23.165 - - [03/Feb/2011:19:48:58 +0000] "GET /img/nav-bg.jpg HTTP/1.1" 200 8059 "http://www.transmsilverio.com/" "Mozilla/5.0 (Windows; U; Windows NT 6.1; en-US) AppleWebKit/534.10 (KHTML, like Gecko) Chrome/8.0.552.237 Safari/534.10"
213.63.23.165 - - [03/Feb/2011:19:48:58 +0000] "GET /img/nav-left.jpg HTTP/1.1" 200 8660 "http://www.transmsilverio.com/" "Mozilla/5.0 (Windows; U; Windows NT 6.1; en-US) AppleWebKit/534.10 (KHTML, like Gecko) Chrome/8.0.552.237 Safari/534.10"
213.63.23.165 - - [03/Feb/2011:19:48:58 +0000] "GET /img/nav-right.jpg HTTP/1.1" 200 8577 "http://www.transmsilverio.com/" "Mozilla/5.0 (Windows; U; Windows NT 6.1; en-US) AppleWebKit/534.10 (KHTML, like Gecko) Chrome/8.0.552.237 Safari/534.10"
213.63.23.165 - - [03/Feb/2011:19:48:58 +0000] "GET /img/slider-bg.png HTTP/1.1" 200 1215 "http://www.transmsilverio.com/" "Mozilla/5.0 (Windows; U; Windows NT 6.1; en-US) AppleWebKit/534.10 (KHTML, like Gecko) Chrome/8.0.552.237 Safari/534.10"
213.63.23.165 - - [03/Feb/2011:19:48:58 +0000] "GET /img/slider-button.jpg HTTP/1.1" 200 1901 "http://www.transmsilverio.com/" "Mozilla/5.0 (Windows; U; Windows NT 6.1; en-US) AppleWebKit/534.10 (KHTML, like Gecko) Chrome/8.0.552.237 Safari/534.10"
213.63.23.165 - - [03/Feb/2011:19:48:59 +0000] "GET /libs/graph3.png HTTP/1.1" 200 54748 "http://www.transmsilverio.com/" "Mozilla/5.0 (Windows; U; Windows NT 6.1; en-US) AppleWebKit/534.10 (KHTML, like Gecko) Chrome/8.0.552.237 Safari/534.10"
213.63.23.165 - - [03/Feb/2011:19:48:58 +0000] "GET /libs/FieldPro.png HTTP/1.1" 200 61352 "http://www.transmsilverio.com/" "Mozilla/5.0 (Windows; U; Windows NT 6.1; en-US) AppleWebKit/534.10 (KHTML, like Gecko) Chrome/8.0.552.237 Safari/534.10"
213.63.23.165 - - [03/Feb/2011:19:48:58 +0000] "GET /libs/mountains.jpg HTTP/1.1" 200 66568 "http://www.transmsilverio.com/" "Mozilla/5.0 (Windows; U; Windows NT 6.1; en-US) AppleWebKit/534.10 (KHTML, like Gecko) Chrome/8.0.552.237 Safari/534.10"
213.63.23.165 - - [03/Feb/2011:19:48:58 +0000] "GET /libs/Microsoft.png HTTP/1.1" 200 54989 "http://www.transmsilverio.com/" "Mozilla/5.0 (Windows; U; Windows NT 6.1; en-US) AppleWebKit/534.10 (KHTML, like Gecko) Chrome/8.0.552.237 Safari/534.10"
213.63.23.165 - - [03/Feb/2011:19:49:01 +0000] "GET /libs/contacto.jpg HTTP/1.1" 200 35981 "http://www.transmsilverio.com/" "Mozilla/5.0 (Windows; U; Windows NT 6.1; en-US) AppleWebKit/534.10 (KHTML, like Gecko) Chrome/8.0.552.237 Safari/534.10"
213.63.23.165 - - [03/Feb/2011:19:48:59 +0000] "GET /libs/quemsomos.jpg HTTP/1.1" 200 60781 "http://www.transmsilverio.com/" "Mozilla/5.0 (Windows; U; Windows NT 6.1; en-US) AppleWebKit/534.10 (KHTML, like Gecko) Chrome/8.0.552.237 Safari/534.10"
213.63.23.165 - - [03/Feb/2011:19:48:58 +0000] "GET /img/honeycomb.jpg HTTP/1.1" 200 171145 "http://www.transmsilverio.com/" "Mozilla/5.0 (Windows; U; Windows NT 6.1; en-US) AppleWebKit/534.10 (KHTML, like Gecko) Chrome/8.0.552.237 Safari/534.10"
213.63.23.165 - - [03/Feb/2011:19:49:04 +0000] "GET /libs/logo.png HTTP/1.1" 200 1393 "http://www.transmsilverio.com/" "Mozilla/5.0 (Windows; U; Windows NT 6.1; en-US) AppleWebKit/534.10 (KHTML, like Gecko) Chrome/8.0.552.237 Safari/534.10"
213.63.23.165 - - [03/Feb/2011:19:49:01 +0000] "GET /libs/frota.jpg HTTP/1.1" 200 68369 "http://www.transmsilverio.com/" "Mozilla/5.0 (Windows; U; Windows NT 6.1; en-US) AppleWebKit/534.10 (KHTML, like Gecko) Chrome/8.0.552.237 Safari/534.10"
213.63.23.165 - - [03/Feb/2011:19:49:09 +0000] "GET /favicon.ico HTTP/1.1" 404 271 "-" "Mozilla/5.0 (Windows; U; Windows NT 6.1; en-US) AppleWebKit/534.10 (KHTML, like Gecko) Chrome/8.0.552.237 Safari/534.10"
213.63.23.165 - - [03/Feb/2011:19:49:10 +0000] "GET /img/slider-button_h.jpg HTTP/1.1" 200 13541 "http://www.transmsilverio.com/" "Mozilla/5.0 (Windows; U; Windows NT 6.1; en-US) AppleWebKit/534.10 (KHTML, like Gecko) Chrome/8.0.552.237 Safari/534.10"
213.63.23.165 - - [03/Feb/2011:19:50:49 +0000] "GET /img/nav-hover.jpg HTTP/1.1" 200 8409 "http://www.transmsilverio.com/" "Mozilla/5.0 (Windows; U; Windows NT 6.1; en-US) AppleWebKit/534.10 (KHTML, like Gecko) Chrome/8.0.552.237 Safari/534.10"
213.63.23.165 - - [03/Feb/2011:19:50:49 +0000] "GET /img/hover-cap-left.jpg HTTP/1.1" 200 8614 "http://www.transmsilverio.com/" "Mozilla/5.0 (Windows; U; Windows NT 6.1; en-US) AppleWebKit/534.10 (KHTML, like Gecko) Chrome/8.0.552.237 Safari/534.10"
213.63.23.165 - - [03/Feb/2011:19:50:50 +0000] "GET /favicon.ico HTTP/1.1" 404 271 "-" "Mozilla/5.0 (Windows; U; Windows NT 6.1; en-US) AppleWebKit/534.10 (KHTML, like Gecko) Chrome/8.0.552.237 Safari/534.10"
213.63.23.165 - - [03/Feb/2011:19:50:52 +0000] "GET /favicon.ico HTTP/1.1" 404 271 "-" "Mozilla/5.0 (Windows; U; Windows NT 6.1; en-US) AppleWebKit/534.10 (KHTML, like Gecko) Chrome/8.0.552.237 Safari/534.10"
213.63.23.165 - - [03/Feb/2011:19:50:52 +0000] "GET /img/slidermsg-bg.png HTTP/1.1" 200 5272 "http://www.transmsilverio.com/" "Mozilla/5.0 (Windows; U; Windows NT 6.1; en-US) AppleWebKit/534.10 (KHTML, like Gecko) Chrome/8.0.552.237 Safari/534.10"
213.63.23.165 - - [03/Feb/2011:19:52:39 +0000] "GET /favicon.ico HTTP/1.1" 404 271 "-" "Mozilla/5.0 (Windows; U; Windows NT 6.1; en-US) AppleWebKit/534.10 (KHTML, like Gecko) Chrome/8.0.552.237 Safari/534.10"
