203.6.203.77 - - [01/Dec/2010:21:11:08 +0000] "GET /robots.txt HTTP/1.0" 403 337 "-" "CatchBot/3.0; +http://www.catchbot.com"
203.6.203.77 - - [01/Dec/2010:21:11:09 +0000] "GET / HTTP/1.0" 403 327 "-" "CatchBot/3.0; +http://www.catchbot.com"
65.52.110.65 - - [02/Dec/2010:14:51:58 +0000] "GET /robots.txt HTTP/1.1" 403 337 "-" "Mozilla/5.0 (compatible; bingbot/2.0; +http://www.bing.com/bingbot.htm)"
65.52.110.65 - - [02/Dec/2010:15:20:28 +0000] "GET / HTTP/1.1" 403 267 "-" "Mozilla/5.0 (compatible; bingbot/2.0; +http://www.bing.com/bingbot.htm)"
208.80.194.32 - - [02/Dec/2010:22:25:22 +0000] "GET / HTTP/1.0" 403 323 "-" "Mozilla/4.0 (compatible; MSIE 7.0; AOL 9.0; Windows NT 5.1; BCD2000; iebar)"
74.52.245.146 - - [03/Dec/2010:00:59:38 +0000] "GET / HTTP/1.0" 403 327 "-" "Mozilla/5.0 (X11; U; Linux i686; en-US; rv:1.7.5) Gecko/20041107 Firefox/1.0"
184.72.201.226 - - [03/Dec/2010:22:52:42 +0000] "GET / HTTP/1.0" 403 327 "-" "Mozilla/5.0 (compatible; NetcraftSurveyAgent/1.0; +info@netcraft.com)"
208.80.194.26 - - [04/Dec/2010:11:07:50 +0000] "GET / HTTP/1.0" 403 323 "-" "Mozilla/4.0 (compatible; MSIE 6.0; Windows NT 5.1; SV1; FunWebProducts; .NET CLR 1.1.4322; .NET CLR 2.0.50727; ZangoToolbar 4.8.3; yplus 4.1.00b)"
208.80.194.33 - - [06/Dec/2010:00:33:13 +0000] "GET / HTTP/1.0" 403 323 "-" "Mozilla/4.0 (compatible; MSIE 6.0; Windows NT 5.1; FunWebProducts; SV1; .NET CLR 1.0.3705; Media Center PC 2.8; .NET CLR 1.1.4322; .NET CLR 2.0.50727)"
208.80.194.26 - - [07/Dec/2010:13:44:24 +0000] "GET / HTTP/1.0" 403 323 "-" "Mozilla/4.0 (compatible; MSIE 6.0; Windows NT 5.1; MyIE2; SV1; .NET CLR 2.0.50727)"
68.168.105.59 - - [07/Dec/2010:17:53:24 +0000] "GET / HTTP/1.1" 403 263 "-" "Mozilla/5.0 (Windows; U; Windows NT 6.0; en-US) AppleWebKit/532.0 (KHTML, like Gecko) Chrome/3.0.195.25 Safari/532.0"
84.196.240.90 - - [08/Dec/2010:07:27:38 +0000] "GET / HTTP/1.0" 403 327 "-" "Mozilla/3.0"
208.80.194.31 - - [09/Dec/2010:03:01:21 +0000] "GET / HTTP/1.0" 403 323 "-" "Mozilla/4.0 (compatible; MSIE 7.0; Windows NT 5.1; .NET CLR 1.1.4322; IEMB3; HbTools 4.8.2; ZangoToolbar 4.8.3; IEMB3)"
69.58.178.59 - - [10/Dec/2010:16:13:41 +0000] "GET /robots.txt HTTP/1.1" 403 337 "-" "Mozilla/5.0 (X11; U; Linux i686; en-US; rv:1.9.1.3; ips-agent) Gecko/20090824 Fedora/1.0.7-1.1.fc4  Firefox/3.5.3"
69.58.178.59 - - [10/Dec/2010:16:13:42 +0000] "GET / HTTP/1.1" 403 327 "-" "Mozilla/5.0 (X11; U; Linux i686; en-US; rv:1.9.1.3; ips-agent) Gecko/20090824 Fedora/1.0.7-1.1.fc4  Firefox/3.5.3"
69.58.178.59 - - [10/Dec/2010:16:15:51 +0000] "GET / HTTP/1.1" 403 327 "-" "Mozilla/5.0 (X11; U; Linux i686; en-US; rv:1.9.1.3; ips-agent) Gecko/20090824 Fedora/1.0.7-1.1.fc4  Firefox/3.5.3"
208.80.194.35 - - [10/Dec/2010:16:18:32 +0000] "GET / HTTP/1.0" 403 323 "-" "Mozilla/4.0 (compatible; MSIE 7.0; Windows NT 5.1; snprtz|S25904300001469|2600#Service Pack 2#2#5#1)"
66.249.82.66 - - [10/Dec/2010:19:12:10 +0000] "GET / HTTP/1.1" 403 263 "-" "Mozilla/5.0 (en-us) AppleWebKit/525.13 (KHTML, like Gecko; Google Web Preview) Version/3.1 Safari/525.13"
178.77.77.48 - - [11/Dec/2010:10:52:09 +0000] "GET / HTTP/1.0" 403 327 "http://www.friends-talk.eu" "Mozilla/4.0 (compatible; MSIE 7.0; Windows NT 6.0; Trident/4.0)"
67.195.113.247 - - [11/Dec/2010:15:15:24 +0000] "GET /robots.txt HTTP/1.0" 403 272 "-" "Mozilla/5.0 (compatible; Yahoo! Slurp; http://help.yahoo.com/help/us/ysearch/slurp)"
67.195.113.247 - - [11/Dec/2010:15:15:24 +0000] "GET / HTTP/1.0" 403 267 "-" "Mozilla/5.0 (compatible; Yahoo! Slurp; http://help.yahoo.com/help/us/ysearch/slurp)"
208.80.194.30 - - [12/Dec/2010:05:12:02 +0000] "GET / HTTP/1.0" 403 323 "-" "Mozilla/4.0 (compatible; MSIE 7.0; Windows NT 6.0; Comcast Install 1.0; SLCC1; .NET CLR 2.0.50727; Media Center PC 5.0; .NET CLR 3.0.04506; InfoPath.2)"
207.46.195.107 - - [12/Dec/2010:17:57:21 +0000] "GET /robots.txt HTTP/1.1" 403 337 "-" "Mozilla/5.0 (compatible; bingbot/2.0; +http://www.bing.com/bingbot.htm)"
207.46.195.107 - - [12/Dec/2010:18:00:36 +0000] "GET / HTTP/1.1" 403 267 "-" "Mozilla/5.0 (compatible; bingbot/2.0; +http://www.bing.com/bingbot.htm)"
208.80.194.35 - - [13/Dec/2010:17:44:20 +0000] "GET / HTTP/1.0" 403 323 "-" "Mozilla/4.0 (compatible; MSIE 7.0; AOL 9.0; Windows NT 5.1; (R1 1.3); .NET CLR 1.1.4322; IEMB3; IEMB3)"
201.65.71.3 - - [14/Dec/2010:17:33:20 +0000] "GET /construcao.jpg HTTP/1.1" 403 275 "http://br.images.search.yahoo.com/images/view?back=http%3A%2F%2Fbr.images.search.yahoo.com%2Fsearch%2Fimages%3Fp%3Dconstru%25C3%25A7%25C3%25A3o%26ei%3Dutf-8%26y%3DBuscar%26fr%3Dyfp-t-707&w=500&h=355&imgurl=www.transmsilverio.com%2Fconstrucao.jpg&rurl=http%3A%2F%2Fwww.transmsilverio.com%2F&size=79k&name=construcao+jpg&p=constru%C3%A7%C3%A3o&oid=08526825e5adcbf0&fr2=&no=15&tt=706181&sigr=10uc5bh5m&sigi=1150rqddg&sigb=1350cgna0&type=JPG&.crumb=6Kj8J2PMbPX" "Mozilla/5.0 (Windows; U; Windows NT 5.1; pt-BR; rv:1.9.2.13) Gecko/20101203 Firefox/3.6.13 ( .NET CLR 3.5.30729)"
201.65.71.3 - - [14/Dec/2010:17:33:20 +0000] "GET / HTTP/1.1" 403 267 "http://br.images.search.yahoo.com/images/view?back=http%3A%2F%2Fbr.images.search.yahoo.com%2Fsearch%2Fimages%3Fp%3Dconstru%25C3%25A7%25C3%25A3o%26ei%3Dutf-8%26y%3DBuscar%26fr%3Dyfp-t-707&w=500&h=355&imgurl=www.transmsilverio.com%2Fconstrucao.jpg&rurl=http%3A%2F%2Fwww.transmsilverio.com%2F&size=79k&name=construcao+jpg&p=constru%C3%A7%C3%A3o&oid=08526825e5adcbf0&fr2=&no=15&tt=706181&sigr=10uc5bh5m&sigi=1150rqddg&sigb=1350cgna0&type=JPG&.crumb=6Kj8J2PMbPX" "Mozilla/5.0 (Windows; U; Windows NT 5.1; pt-BR; rv:1.9.2.13) Gecko/20101203 Firefox/3.6.13 ( .NET CLR 3.5.30729)"
38.127.197.104 - - [14/Dec/2010:18:11:35 +0000] "GET / HTTP/1.1" 403 327 "-" "Mozilla/4.0 (compatible; MSIE 7.0;  Windows NT 5.2)"
66.249.66.83 - - [15/Dec/2010:03:12:24 +0000] "GET /robots.txt HTTP/1.1" 403 269 "-" "Mozilla/5.0 (compatible; Googlebot/2.1; +http://www.google.com/bot.html)"
66.249.66.83 - - [15/Dec/2010:03:12:24 +0000] "GET / HTTP/1.1" 403 263 "-" "Mozilla/5.0 (compatible; Googlebot/2.1; +http://www.google.com/bot.html)"
208.80.194.36 - - [15/Dec/2010:06:38:01 +0000] "GET / HTTP/1.0" 403 323 "-" "Mozilla/4.0 (compatible; MSIE 6.0; Windows NT 5.1; {414E08C9-5189-CE53-C9AF-DF10DD9CB659}; .NET CLR 1.1.4322)"
66.249.66.8 - - [16/Dec/2010:07:03:32 +0000] "GET /robots.txt HTTP/1.1" 403 272 "-" "Mozilla/5.0 (compatible; Googlebot/2.1; +http://www.google.com/bot.html)"
66.249.66.8 - - [16/Dec/2010:07:03:32 +0000] "GET / HTTP/1.1" 403 267 "-" "Mozilla/5.0 (compatible; Googlebot/2.1; +http://www.google.com/bot.html)"
64.246.161.42 - - [16/Dec/2010:12:00:45 +0000] "GET /robots.txt HTTP/1.0" 403 337 "-" "Mozilla/5.0 (Windows; U; Windows NT 5.1; en; rv:1.9.0.13) Gecko/2009073022 Firefox/3.5.2 (.NET CLR 3.5.30729) SurveyBot/2.3 (DomainTools)"
64.246.161.42 - - [16/Dec/2010:12:00:46 +0000] "GET / HTTP/1.1" 403 267 "http://whois.domaintools.com/transmsilverio.com" "Mozilla/5.0 (Windows; U; Windows NT 5.1; en; rv:1.9.0.13) Gecko/2009073022 Firefox/3.5.2 (.NET CLR 3.5.30729) SurveyBot/2.3 (DomainTools)"
208.80.194.26 - - [16/Dec/2010:19:17:49 +0000] "GET / HTTP/1.0" 403 323 "-" "Mozilla/4.0 (compatible; MSIE 6.0; Windows NT 5.1; {8B9E5CA7-2EA1-9C55-EA83-FA20C98EE397}; .NET CLR 1.1.4322)"
207.241.227.89 - - [17/Dec/2010:00:51:14 +0000] "GET /robots.txt HTTP/1.1" 403 333 "-" "ia_archiver-web.archive.org"
71.255.121.123 - - [17/Dec/2010:01:09:15 +0000] "GET / HTTP/1.1" 403 327 "-" "Mozilla/4.0 (compatible; MSIE 4.01; Windows NT)"
204.236.143.119 - - [17/Dec/2010:20:02:51 +0000] "GET / HTTP/1.0" 403 327 "-" "Mozilla/5.0 (Macintosh; U; Intel Mac OS X 10.7; en-US; rv:13.37) Gecko/20121221 Firefox/4.7"
178.77.72.217 - - [18/Dec/2010:06:51:31 +0000] "GET / HTTP/1.0" 403 327 "http://www.lopoca-friends.com" "Mozilla/4.0 (compatible; MSIE 7.0; Windows NT 6.0; Trident/4.0)"
208.80.194.33 - - [18/Dec/2010:07:54:23 +0000] "GET / HTTP/1.0" 403 323 "-" "Mozilla/4.0 (compatible; MSIE 6.0; Windows 98; YPC 3.2.0)"
206.183.1.74 - - [18/Dec/2010:19:44:04 +0000] "GET /robots.txt HTTP/1.1" 403 272 "-" "Mozilla/4.0 (compatible; http://search.thunderstone.com/texis/websearch/about.html)"
206.183.1.74 - - [18/Dec/2010:19:44:04 +0000] "GET / HTTP/1.1" 403 267 "-" "Mozilla/4.0 (compatible; http://search.thunderstone.com/texis/websearch/about.html)"
178.77.72.217 - - [19/Dec/2010:04:47:46 +0000] "GET / HTTP/1.0" 403 327 "http://www.lopoca-friends.com" "Mozilla/4.0 (compatible; MSIE 7.0; Windows NT 6.0; Trident/4.0)"
178.77.77.48 - - [19/Dec/2010:09:44:48 +0000] "GET / HTTP/1.0" 403 327 "http://to-be-on-top.de/web2design" "Mozilla/4.0 (compatible; MSIE 7.0; Windows NT 6.0; Trident/4.0)"
208.80.194.37 - - [19/Dec/2010:15:58:30 +0000] "GET / HTTP/1.0" 403 323 "-" "Mozilla/4.0 (compatible; MSIE 7.0; Windows NT 5.1; wfc0300; .NET CLR 1.1.4322)"
208.80.194.37 - - [20/Dec/2010:22:48:27 +0000] "GET / HTTP/1.0" 403 323 "-" "Mozilla/4.0 (compatible; MSIE 6.0; Windows NT 5.1; sv1; (R1 1.3); .NET CLR 1.1.4322)"
208.80.194.37 - - [22/Dec/2010:10:56:34 +0000] "GET / HTTP/1.0" 403 323 "-" "Mozilla/4.0 (compatible; MSIE 6.0; Windows NT 5.1; SV1; FunWebProducts; .NET CLR 1.1.4322; SpamBlockerUtility 10.0.327.0; yplus 5.6.02b)"
207.46.13.50 - - [22/Dec/2010:20:05:00 +0000] "GET /robots.txt HTTP/1.1" 403 337 "-" "Mozilla/5.0 (compatible; bingbot/2.0; +http://www.bing.com/bingbot.htm)"
207.46.13.50 - - [22/Dec/2010:20:08:51 +0000] "GET / HTTP/1.1" 403 267 "-" "Mozilla/5.0 (compatible; bingbot/2.0; +http://www.bing.com/bingbot.htm)"
95.65.74.138 - - [23/Dec/2010:06:59:18 +0000] "GET /robots.txt HTTP/1.0" 403 333 "-" "Mozilla/4.0 (compatible; MSIE 6.0;)"
208.80.194.26 - - [23/Dec/2010:22:42:39 +0000] "GET / HTTP/1.0" 403 323 "-" "Mozilla/4.0 (compatible; MSIE 6.0; Windows NT 5.1; YPC 3.0.1; SV1; .NET CLR 1.1.4322; HbTools 4.8.2; yplus 4.1.00b)"
95.65.74.138 - - [25/Dec/2010:03:08:49 +0000] "GET / HTTP/1.0" 403 323 "-" "Mozilla/4.0 (compatible; MSIE 6.0;)"
208.80.194.26 - - [25/Dec/2010:10:14:02 +0000] "GET / HTTP/1.0" 403 323 "-" "Mozilla/4.0 (compatible; MSIE 7.0; Windows NT 5.1; {317A060E-1490-4EBD-9B56-DADCB6311DC1}; .NET CLR 1.1.4322; .NET CLR 2.0.50727)"
208.80.194.28 - - [26/Dec/2010:21:47:50 +0000] "GET / HTTP/1.0" 403 323 "-" "Mozilla/4.0 (compatible; MSIE 6.0; Windows NT 5.1; SV1; iebar; acc=vonner; acc=; acc=none; (none); SU 3.011; .NET CLR 1.0.3705; .NET CLR 2.0.50727)"
64.246.161.190 - - [27/Dec/2010:14:42:09 +0000] "GET /robots.txt HTTP/1.0" 403 337 "-" "Mozilla/5.0 (Windows; U; Windows NT 5.1; en; rv:1.9.0.13) Gecko/2009073022 Firefox/3.5.2 (.NET CLR 3.5.30729) SurveyBot/2.3 (DomainTools)"
64.246.161.190 - - [27/Dec/2010:14:42:10 +0000] "GET / HTTP/1.1" 403 267 "http://whois.domaintools.com/transmsilverio.com" "Mozilla/5.0 (Windows; U; Windows NT 5.1; en; rv:1.9.0.13) Gecko/2009073022 Firefox/3.5.2 (.NET CLR 3.5.30729) SurveyBot/2.3 (DomainTools)"
208.80.194.35 - - [28/Dec/2010:09:10:01 +0000] "GET / HTTP/1.0" 403 323 "-" "Mozilla/4.0 (compatible; MSIE 7.0; Windows NT 5.1; .NET CLR 1.1.4322; InfoPath.1; Creative ZENcast v1.02.10)"
50.18.0.109 - - [28/Dec/2010:18:57:20 +0000] "GET / HTTP/1.0" 403 327 "-" "Mozilla/5.0 (Macintosh; U; Intel Mac OS X 10.7; en-US; rv:13.37) Gecko/20121221 Firefox/4.7"
75.101.226.132 - - [29/Dec/2010:17:22:45 +0000] "GET / HTTP/1.0" 403 327 "-" "Mozilla/5.0 (compatible; NetcraftSurveyAgent/1.0; +info@netcraft.com)"
208.80.194.27 - - [29/Dec/2010:21:16:20 +0000] "GET / HTTP/1.0" 403 323 "-" "Mozilla/4.0 (compatible; MSIE 6.0; Windows NT 5.1; SV1; FunWebProducts; .NET CLR 1.1.4322; MSN 6.1; MSNbMSFT; MSNmen-us; MSNc12; v5m)"
80.36.6.161 - - [30/Dec/2010:16:32:36 +0000] "GET /favicon.ico HTTP/1.1" 403 273 "-" "Mozilla/4.0 (compatible; MSIE 7.0; Windows NT 6.1; WOW64; Trident/4.0; SLCC2; .NET CLR 2.0.50727; .NET CLR 3.5.30729; .NET CLR 3.0.30729; Media Center PC 6.0; CPDTDF)"
72.94.249.38 - - [31/Dec/2010:04:33:29 +0000] "GET / HTTP/1.1" 403 327 "-" "Mozilla/4.0 (compatible; MSIE 6.0; Windows NT 5.1; SV1; .NET CLR 1.1.4322)"
72.94.249.38 - - [31/Dec/2010:04:33:30 +0000] "GET / HTTP/1.1" 403 327 "-" "Mozilla/4.0 (compatible; MSIE 6.0; Windows NT 5.1; SV1; .NET CLR 1.1.4322)"
80.36.6.161 - - [31/Dec/2010:09:34:45 +0000] "GET /favicon.ico HTTP/1.1" 403 273 "-" "Mozilla/4.0 (compatible; MSIE 7.0; Windows NT 6.1; WOW64; Trident/4.0; SLCC2; .NET CLR 2.0.50727; .NET CLR 3.5.30729; .NET CLR 3.0.30729; Media Center PC 6.0; CPDTDF)"
208.80.194.29 - - [31/Dec/2010:09:35:29 +0000] "GET / HTTP/1.0" 403 323 "-" "Mozilla/4.0 (compatible; MSIE 7.0; Windows NT 5.1; YPC 3.0.3; FunWebProducts; .NET CLR 1.1.4322)"
207.241.228.150 - - [01/Jan/2011:09:41:21 +0000] "GET / HTTP/1.1" 403 323 "-" "Mozilla/5.0 (iPhone; U; CPU like Mac OS X; en) AppleWebKit/420+ (KHTML, like Gecko) Version/3.0 Mobile/1A535b Safari/419.3"
207.241.228.150 - - [01/Jan/2011:09:41:22 +0000] "GET / HTTP/1.1" 403 327 "-" "Mozilla/5.0 (iPhone; U; CPU like Mac OS X; en) AppleWebKit/420+ (KHTML, like Gecko) Version/3.0 Mobile/1A535b Safari/419.3"
208.80.194.29 - - [01/Jan/2011:20:46:53 +0000] "GET / HTTP/1.0" 403 323 "-" "Mozilla/4.0 (compatible; MSIE 7.0; Windows NT 5.1; .NET CLR 1.0.3705; .NET CLR 1.1.4322; Media Center PC 3.1; InfoPath.1; HbTools 4.8.2; MSN 6.1; MSNbMSFT; MSNmen-us; MSNc00; v5m)"
207.46.13.41 - - [02/Jan/2011:02:01:13 +0000] "GET /robots.txt HTTP/1.1" 403 337 "-" "Mozilla/5.0 (compatible; bingbot/2.0; +http://www.bing.com/bingbot.htm)"
207.46.13.41 - - [02/Jan/2011:02:04:49 +0000] "GET / HTTP/1.1" 403 267 "-" "Mozilla/5.0 (compatible; bingbot/2.0; +http://www.bing.com/bingbot.htm)"
208.80.194.26 - - [03/Jan/2011:07:31:10 +0000] "GET / HTTP/1.0" 403 323 "-" "Mozilla/4.0 (compatible; MSIE 7.0; Windows NT 5.1; MathPlayer 2.0; SpamBlockerUtility 4.7.1; MSN 6.1; MSNbMSFT; MSNmen-us; MSNc22; v5m)"
80.36.6.161 - - [03/Jan/2011:08:08:10 +0000] "GET /favicon.ico HTTP/1.1" 403 273 "-" "Mozilla/4.0 (compatible; MSIE 7.0; Windows NT 6.1; WOW64; Trident/4.0; SLCC2; .NET CLR 2.0.50727; .NET CLR 3.5.30729; .NET CLR 3.0.30729; Media Center PC 6.0; CPDTDF)"
96.31.166.228 - - [04/Jan/2011:23:26:38 +0000] "GET /robots.txt HTTP/1.1" 403 333 "-" "Mozilla/5.0 (compatible; Search17Bot/1.1; http://www.search17.com/bot.php)"
96.31.166.228 - - [04/Jan/2011:23:26:39 +0000] "GET / HTTP/1.1" 403 263 "-" "Mozilla/5.0 (compatible; Search17Bot/1.1; http://www.search17.com/bot.php)"
66.249.72.77 - - [05/Jan/2011:05:42:56 +0000] "GET /robots.txt HTTP/1.1" 403 269 "-" "Mozilla/5.0 (compatible; Googlebot/2.1; +http://www.google.com/bot.html)"
66.249.66.83 - - [05/Jan/2011:05:42:56 +0000] "GET / HTTP/1.1" 403 263 "-" "Mozilla/5.0 (compatible; Googlebot/2.1; +http://www.google.com/bot.html)"
85.247.204.31 - - [05/Jan/2011:14:45:19 +0000] "GET / HTTP/1.1" 403 267 "-" "Mozilla/4.0 (compatible; MSIE 8.0; Windows NT 5.1; Trident/4.0; .NET CLR 1.1.4322; .NET CLR 2.0.50727; .NET CLR 3.0.4506.2152; .NET CLR 3.5.30729; InfoPath.1)"
208.80.194.35 - - [06/Jan/2011:04:45:06 +0000] "GET / HTTP/1.0" 403 323 "-" "Mozilla/4.0 (compatible; MSIE 7.0; Windows NT 5.1; JENSMIL; .NET CLR 1.1.4322)"
67.202.9.58 - - [06/Jan/2011:12:42:57 +0000] "GET / HTTP/1.1" 403 323 "-" "Mozilla/5.0 (Windows; U; Windows NT 6.0; en-US; rv:1.9.2.3) Gecko/20100401 Firefox/3.6.3 GTB6 (.NET CLR 3.5.30729)"
67.202.9.58 - - [06/Jan/2011:12:42:57 +0000] "GET / HTTP/1.1" 403 327 "-" "Mozilla/5.0 (Windows; U; Windows NT 6.0; en-US; rv:1.9.2.3) Gecko/20100401 Firefox/3.6.3 GTB6 (.NET CLR 3.5.30729)"
68.168.105.59 - - [06/Jan/2011:13:37:58 +0000] "GET / HTTP/1.1" 403 263 "-" "Mozilla/5.0 (compatible; MSIE 7.0; Windows NT 5.2; WOW64; .NET CLR 2.0.50727)"
213.13.115.9 - - [06/Jan/2011:17:28:19 +0000] "GET / HTTP/1.1" 403 267 "-" "Mozilla/5.0 (Windows; U; Windows NT 6.1; en-US) AppleWebKit/534.10 (KHTML, like Gecko) Chrome/8.0.552.224 Safari/534.10"
213.13.115.9 - - [06/Jan/2011:17:28:20 +0000] "GET /favicon.ico HTTP/1.1" 403 273 "-" "Mozilla/5.0 (Windows; U; Windows NT 6.1; en-US) AppleWebKit/534.10 (KHTML, like Gecko) Chrome/8.0.552.224 Safari/534.10"
213.13.115.9 - - [06/Jan/2011:17:29:32 +0000] "GET / HTTP/1.1" 403 267 "-" "Mozilla/5.0 (Windows; U; Windows NT 6.1; en-US) AppleWebKit/534.10 (KHTML, like Gecko) Chrome/8.0.552.224 Safari/534.10"
213.13.115.9 - - [06/Jan/2011:17:29:32 +0000] "GET /favicon.ico HTTP/1.1" 403 273 "-" "Mozilla/5.0 (Windows; U; Windows NT 6.1; en-US) AppleWebKit/534.10 (KHTML, like Gecko) Chrome/8.0.552.224 Safari/534.10"
67.195.113.247 - - [06/Jan/2011:19:18:06 +0000] "GET /robots.txt HTTP/1.0" 403 272 "-" "Mozilla/5.0 (compatible; Yahoo! Slurp; http://help.yahoo.com/help/us/ysearch/slurp)"
67.195.113.247 - - [06/Jan/2011:19:18:07 +0000] "GET / HTTP/1.0" 403 267 "-" "Mozilla/5.0 (compatible; Yahoo! Slurp; http://help.yahoo.com/help/us/ysearch/slurp)"
66.249.66.8 - - [07/Jan/2011:03:43:23 +0000] "GET /robots.txt HTTP/1.1" 403 272 "-" "Mozilla/5.0 (compatible; Googlebot/2.1; +http://www.google.com/bot.html)"
66.249.66.8 - - [07/Jan/2011:03:43:23 +0000] "GET / HTTP/1.1" 403 267 "-" "Mozilla/5.0 (compatible; Googlebot/2.1; +http://www.google.com/bot.html)"
204.236.155.165 - - [07/Jan/2011:10:48:59 +0000] "GET / HTTP/1.0" 403 327 "-" "Mozilla/5.0 (Macintosh; U; Intel Mac OS X 10.7; en-US; rv:13.37) Gecko/20121221 Firefox/4.7"
216.145.14.142 - - [07/Jan/2011:12:09:48 +0000] "GET /robots.txt HTTP/1.0" 403 337 "-" "Mozilla/5.0 (Windows; U; Windows NT 5.1; en; rv:1.9.0.13) Gecko/2009073022 Firefox/3.5.2 (.NET CLR 3.5.30729) SurveyBot/2.3 (DomainTools)"
216.145.14.142 - - [07/Jan/2011:12:09:48 +0000] "GET / HTTP/1.1" 403 267 "http://whois.domaintools.com/transmsilverio.com" "Mozilla/5.0 (Windows; U; Windows NT 5.1; en; rv:1.9.0.13) Gecko/2009073022 Firefox/3.5.2 (.NET CLR 3.5.30729) SurveyBot/2.3 (DomainTools)"
178.77.73.175 - - [07/Jan/2011:14:32:20 +0000] "GET / HTTP/1.0" 403 327 "http://www.hk-marketing.eu" "Mozilla/4.0 (compatible; MSIE 7.0; Windows NT 6.0; Trident/4.0)"
208.80.194.31 - - [07/Jan/2011:15:58:36 +0000] "GET / HTTP/1.0" 403 323 "-" "Mozilla/4.0 (compatible; MSIE 7.0; Windows NT 5.1; sbcydsl 3.11; YPC 3.2.0; .NET CLR 1.1.4322; Hotbar 4.6.1)"
208.80.194.26 - - [09/Jan/2011:03:05:57 +0000] "GET / HTTP/1.0" 403 323 "-" "Mozilla/4.0 (compatible; MSIE 7.0; Windows NT 5.1; .NET CLR 1.0.3705; .NET CLR 1.1.4322; Media Center PC 4.0; Hotbar 10.0.368.0)"
220.181.7.24 - - [09/Jan/2011:20:49:56 +0000] "GET /robots.txt HTTP/1.1" 403 269 "-" "Baiduspider+(+http://www.baidu.com/search/spider.htm)"
213.63.23.107 - - [10/Jan/2011:12:30:42 +0000] "GET / HTTP/1.1" 403 267 "-" "Mozilla/5.0 (Windows; U; Windows NT 6.1; en-US) AppleWebKit/534.10 (KHTML, like Gecko) Chrome/8.0.552.224 Safari/534.10"
213.63.23.107 - - [10/Jan/2011:12:30:42 +0000] "GET /favicon.ico HTTP/1.1" 403 273 "-" "Mozilla/5.0 (Windows; U; Windows NT 6.1; en-US) AppleWebKit/534.10 (KHTML, like Gecko) Chrome/8.0.552.224 Safari/534.10"
208.80.194.26 - - [10/Jan/2011:14:09:35 +0000] "GET / HTTP/1.0" 403 323 "-" "Mozilla/4.0 (compatible; MSIE 6.0; Windows NT 5.1; DRS_E; SV1; .NET CLR 1.1.4322; InfoPath.1)"
66.249.71.196 - - [10/Jan/2011:14:31:19 +0000] "GET /robots.txt HTTP/1.1" 403 269 "-" "Mozilla/5.0 (compatible; Googlebot/2.1; +http://www.google.com/bot.html)"
66.249.71.196 - - [10/Jan/2011:14:31:19 +0000] "GET / HTTP/1.1" 403 263 "-" "Mozilla/5.0 (compatible; Googlebot/2.1; +http://www.google.com/bot.html)"
213.63.23.118 - - [10/Jan/2011:14:42:23 +0000] "HEAD / HTTP/1.1" 403 - "-" "Windows-Live-Social-Object-Extractor-Engine/1.0"
213.63.23.118 - - [10/Jan/2011:14:42:23 +0000] "GET / HTTP/1.1" 403 327 "-" "Windows-Live-Social-Object-Extractor-Engine/1.0"
85.247.110.55 - - [10/Jan/2011:17:29:22 +0000] "GET / HTTP/1.1" 403 267 "-" "Mozilla/4.0 (compatible; MSIE 8.0; Windows NT 5.1; Trident/4.0; .NET CLR 1.1.4322; .NET CLR 2.0.50727; .NET CLR 3.0.4506.2152; .NET CLR 3.5.30729; InfoPath.1)"
85.247.110.55 - - [10/Jan/2011:17:29:25 +0000] "GET / HTTP/1.1" 403 267 "-" "Mozilla/4.0 (compatible; MSIE 8.0; Windows NT 5.1; Trident/4.0; .NET CLR 1.1.4322; .NET CLR 2.0.50727; .NET CLR 3.0.4506.2152; .NET CLR 3.5.30729; InfoPath.1)"
85.247.110.55 - - [10/Jan/2011:17:29:31 +0000] "GET / HTTP/1.1" 403 267 "-" "Mozilla/4.0 (compatible; MSIE 8.0; Windows NT 5.1; Trident/4.0; .NET CLR 1.1.4322; .NET CLR 2.0.50727; .NET CLR 3.0.4506.2152; .NET CLR 3.5.30729; InfoPath.1)"
38.127.197.102 - - [10/Jan/2011:18:16:15 +0000] "GET / HTTP/1.1" 403 327 "-" "Mozilla/4.0 (compatible; MSIE 7.0;  Windows NT 5.2)"
84.123.147.239 - - [11/Jan/2011:09:36:38 +0000] "GET / HTTP/1.1" 403 267 "-" "Mozilla/5.0 (Windows; U; Windows NT 6.1; en-US) AppleWebKit/534.10 (KHTML, like Gecko) Chrome/8.0.552.224 Safari/534.10"
84.123.147.239 - - [11/Jan/2011:09:36:38 +0000] "GET /favicon.ico HTTP/1.1" 403 273 "-" "Mozilla/5.0 (Windows; U; Windows NT 6.1; en-US) AppleWebKit/534.10 (KHTML, like Gecko) Chrome/8.0.552.224 Safari/534.10"
69.58.178.57 - - [11/Jan/2011:11:52:15 +0000] "GET /robots.txt HTTP/1.1" 403 337 "-" "Mozilla/5.0 (X11; U; Linux i686; en-US; rv:1.9.1.3; ips-agent) Gecko/20090824 Fedora/1.0.7-1.1.fc4  Firefox/3.5.3"
69.58.178.57 - - [11/Jan/2011:11:52:16 +0000] "GET / HTTP/1.1" 403 327 "-" "Mozilla/5.0 (X11; U; Linux i686; en-US; rv:1.9.1.3; ips-agent) Gecko/20090824 Fedora/1.0.7-1.1.fc4  Firefox/3.5.3"
69.58.178.57 - - [11/Jan/2011:11:52:17 +0000] "GET / HTTP/1.1" 403 327 "-" "Mozilla/5.0 (X11; U; Linux i686; en-US; rv:1.9.1.3; ips-agent) Gecko/20090824 Fedora/1.0.7-1.1.fc4  Firefox/3.5.3"
123.125.71.45 - - [11/Jan/2011:17:03:44 +0000] "GET / HTTP/1.1" 403 263 "-" "Baiduspider+(+http://www.baidu.com/search/spider.htm)"
174.129.117.237 - - [11/Jan/2011:18:36:14 +0000] "HEAD / HTTP/1.1" 403 - "-" "Mozilla/5.0 (Windows; U; Windows NT 5.1; en-US) AppleWebKit/525.13 (KHTML, like Gecko) Chrome/0.A.B.C Safari/525.13"
208.80.194.28 - - [12/Jan/2011:01:31:48 +0000] "GET / HTTP/1.0" 403 323 "-" "Mozilla/4.0 (compatible; MSIE 7.0; Windows NT 5.1; YPC 3.0.3; .NET CLR 1.1.4322; yplus 4.1.00b)"
213.13.115.9 - - [12/Jan/2011:10:41:56 +0000] "GET / HTTP/1.1" 403 267 "-" "Mozilla/5.0 (Windows; U; Windows NT 6.1; en-US) AppleWebKit/534.10 (KHTML, like Gecko) Chrome/8.0.552.224 Safari/534.10"
213.13.115.9 - - [12/Jan/2011:10:41:56 +0000] "GET /favicon.ico HTTP/1.1" 403 273 "-" "Mozilla/5.0 (Windows; U; Windows NT 6.1; en-US) AppleWebKit/534.10 (KHTML, like Gecko) Chrome/8.0.552.224 Safari/534.10"
213.13.115.9 - - [12/Jan/2011:10:44:35 +0000] "GET / HTTP/1.1" 200 433 "-" "Mozilla/5.0 (Windows; U; Windows NT 6.1; en-US) AppleWebKit/534.10 (KHTML, like Gecko) Chrome/8.0.552.224 Safari/534.10"
213.13.115.9 - - [12/Jan/2011:10:44:35 +0000] "GET /icons/blank.gif HTTP/1.1" 200 148 "http://www.transmsilverio.com/" "Mozilla/5.0 (Windows; U; Windows NT 6.1; en-US) AppleWebKit/534.10 (KHTML, like Gecko) Chrome/8.0.552.224 Safari/534.10"
213.13.115.9 - - [12/Jan/2011:10:44:35 +0000] "GET /icons/folder.gif HTTP/1.1" 200 225 "http://www.transmsilverio.com/" "Mozilla/5.0 (Windows; U; Windows NT 6.1; en-US) AppleWebKit/534.10 (KHTML, like Gecko) Chrome/8.0.552.224 Safari/534.10"
213.13.115.9 - - [12/Jan/2011:10:44:36 +0000] "GET /favicon.ico HTTP/1.1" 404 271 "-" "Mozilla/5.0 (Windows; U; Windows NT 6.1; en-US) AppleWebKit/534.10 (KHTML, like Gecko) Chrome/8.0.552.224 Safari/534.10"
213.13.115.9 - - [12/Jan/2011:10:45:30 +0000] "GET / HTTP/1.1" 200 461 "-" "Mozilla/5.0 (Windows; U; Windows NT 6.1; en-US) AppleWebKit/534.10 (KHTML, like Gecko) Chrome/8.0.552.224 Safari/534.10"
213.13.115.9 - - [12/Jan/2011:10:45:30 +0000] "GET /icons/blank.gif HTTP/1.1" 304 - "http://www.transmsilverio.com/" "Mozilla/5.0 (Windows; U; Windows NT 6.1; en-US) AppleWebKit/534.10 (KHTML, like Gecko) Chrome/8.0.552.224 Safari/534.10"
213.13.115.9 - - [12/Jan/2011:10:45:30 +0000] "GET /icons/folder.gif HTTP/1.1" 304 - "http://www.transmsilverio.com/" "Mozilla/5.0 (Windows; U; Windows NT 6.1; en-US) AppleWebKit/534.10 (KHTML, like Gecko) Chrome/8.0.552.224 Safari/534.10"
213.13.115.9 - - [12/Jan/2011:10:45:30 +0000] "GET /favicon.ico HTTP/1.1" 404 271 "-" "Mozilla/5.0 (Windows; U; Windows NT 6.1; en-US) AppleWebKit/534.10 (KHTML, like Gecko) Chrome/8.0.552.224 Safari/534.10"
207.46.13.44 - - [12/Jan/2011:12:09:54 +0000] "GET /robots.txt HTTP/1.1" 404 329 "-" "Mozilla/5.0 (compatible; bingbot/2.0; +http://www.bing.com/bingbot.htm)"
213.63.23.54 - - [12/Jan/2011:12:10:47 +0000] "GET / HTTP/1.1" 200 433 "-" "Mozilla/5.0 (compatible; MSIE 9.0; Windows NT 6.1; Trident/5.0)"
213.63.23.54 - - [12/Jan/2011:12:10:49 +0000] "GET /icons/blank.gif HTTP/1.1" 200 148 "http://www.transmsilverio.com/" "Mozilla/5.0 (compatible; MSIE 9.0; Windows NT 6.1; Trident/5.0)"
213.63.23.54 - - [12/Jan/2011:12:10:49 +0000] "GET /icons/folder.gif HTTP/1.1" 200 225 "http://www.transmsilverio.com/" "Mozilla/5.0 (compatible; MSIE 9.0; Windows NT 6.1; Trident/5.0)"
213.63.23.54 - - [12/Jan/2011:12:10:49 +0000] "GET /icons/blank.gif HTTP/1.1" 200 148 "http://www.transmsilverio.com/" "Mozilla/5.0 (compatible; MSIE 9.0; Windows NT 6.1; Trident/5.0)"
213.63.23.54 - - [12/Jan/2011:12:10:50 +0000] "GET /icons/folder.gif HTTP/1.1" 200 225 "http://www.transmsilverio.com/" "Mozilla/5.0 (compatible; MSIE 9.0; Windows NT 6.1; Trident/5.0)"
213.63.23.54 - - [12/Jan/2011:12:10:50 +0000] "GET /favicon.ico HTTP/1.1" 404 271 "-" "Mozilla/5.0 (compatible; MSIE 9.0; Windows NT 6.1; Trident/5.0)"
207.46.13.44 - - [12/Jan/2011:12:21:23 +0000] "GET / HTTP/1.1" 200 427 "-" "Mozilla/5.0 (compatible; bingbot/2.0; +http://www.bing.com/bingbot.htm)"
80.36.168.37 - - [12/Jan/2011:16:38:10 +0000] "GET / HTTP/1.1" 200 433 "-" "Mozilla/4.0 (compatible; MSIE 6.0; Windows NT 5.1; SV1; GTB6.6; .NET CLR 1.1.4322)"
80.36.168.37 - - [12/Jan/2011:16:38:10 +0000] "GET /icons/blank.gif HTTP/1.1" 200 148 "http://www.transmsilverio.com" "Mozilla/4.0 (compatible; MSIE 6.0; Windows NT 5.1; SV1; GTB6.6; .NET CLR 1.1.4322)"
80.36.168.37 - - [12/Jan/2011:16:38:10 +0000] "GET /icons/folder.gif HTTP/1.1" 200 225 "http://www.transmsilverio.com" "Mozilla/4.0 (compatible; MSIE 6.0; Windows NT 5.1; SV1; GTB6.6; .NET CLR 1.1.4322)"
80.36.168.37 - - [12/Jan/2011:16:41:13 +0000] "GET /construcao.jpg HTTP/1.1" 404 274 "http://www.seaflog.com/buscar-fotos/Constru\xe7\xe3o.htm?u=www.transmsilverio.com/" "Mozilla/4.0 (compatible; MSIE 6.0; Windows NT 5.1; SV1; GTB6.6; .NET CLR 1.1.4322)"
74.52.245.146 - - [14/Jan/2011:01:08:52 +0000] "GET / HTTP/1.0" 200 751 "-" "Mozilla/5.0 (X11; U; Linux i686; en-US; rv:1.7.5) Gecko/20041107 Firefox/1.0"
208.80.194.35 - - [15/Jan/2011:00:19:13 +0000] "GET / HTTP/1.0" 200 747 "-" "Mozilla/4.0 (compatible; MSIE 6.0; Windows NT 5.1; {C20DF2A2-D7AF-A951-E36B-073677FE5D27})"
208.80.194.33 - - [16/Jan/2011:11:52:18 +0000] "GET / HTTP/1.0" 200 747 "-" "Mozilla/4.0 (compatible; MSIE 6.0; Windows NT 5.1; SV1; YPC 3.0.0; FunWebProducts; .NET CLR 1.0.3705; .NET CLR 1.1.4322; Media Center PC 4.0; ZangoToolbar 4.8.3)"
209.190.3.202 - - [17/Jan/2011:04:03:49 +0000] "GET / HTTP/1.1" 200 751 "-" "Java/1.6.0_23"
209.190.3.202 - - [17/Jan/2011:04:03:49 +0000] "GET /?C=D;O=A HTTP/1.1" 200 751 "-" "Java/1.6.0_23"
209.190.3.202 - - [17/Jan/2011:04:03:49 +0000] "GET /logs HTTP/1.1" 301 368 "-" "Java/1.6.0_23"
209.190.3.202 - - [17/Jan/2011:04:03:50 +0000] "GET /logs/ HTTP/1.1" 200 1109 "-" "Java/1.6.0_23"
209.190.3.202 - - [17/Jan/2011:04:03:50 +0000] "GET /logs/access.log HTTP/1.1" 200 126884 "-" "Java/1.6.0_23"
209.190.3.202 - - [17/Jan/2011:04:03:52 +0000] "GET /logs/access.log HTTP/1.1" 200 126994 "-" "Java/1.6.0_23"
209.190.3.202 - - [17/Jan/2011:04:03:53 +0000] "GET /logs/error.log HTTP/1.1" 200 135777 "-" "Java/1.6.0_23"
209.190.3.202 - - [17/Jan/2011:04:03:54 +0000] "GET //?C=D;O=D HTTP/1.1" 200 751 "-" "Java/1.6.0_23"
209.190.3.202 - - [17/Jan/2011:04:03:54 +0000] "GET //logs HTTP/1.1" 301 368 "-" "Java/1.6.0_23"
209.190.3.202 - - [17/Jan/2011:04:03:54 +0000] "GET /logs/ HTTP/1.1" 200 1109 "-" "Java/1.6.0_23"
209.190.3.202 - - [17/Jan/2011:04:03:54 +0000] "GET /logs/?C=D;O=A HTTP/1.1" 200 1109 "-" "Java/1.6.0_23"
209.190.3.202 - - [17/Jan/2011:04:03:54 +0000] "GET //logs/access.log HTTP/1.1" 200 127615 "-" "Java/1.6.0_23"
209.190.3.202 - - [17/Jan/2011:04:03:56 +0000] "GET //logs/access.log HTTP/1.1" 200 127726 "-" "Java/1.6.0_23"
209.190.3.202 - - [17/Jan/2011:04:03:57 +0000] "GET //logs/error.log HTTP/1.1" 200 135777 "-" "Java/1.6.0_23"
209.190.3.202 - - [17/Jan/2011:04:03:58 +0000] "GET /logs//access.log HTTP/1.1" 200 127947 "-" "Java/1.6.0_23"
209.190.3.202 - - [17/Jan/2011:04:04:00 +0000] "GET /logs//access.log HTTP/1.1" 200 128058 "-" "Java/1.6.0_23"
209.190.3.202 - - [17/Jan/2011:04:04:01 +0000] "GET /logs//error.log HTTP/1.1" 200 135777 "-" "Java/1.6.0_23"
207.46.204.182 - - [17/Jan/2011:12:13:56 +0000] "GET /robots.txt HTTP/1.1" 404 329 "-" "Mozilla/5.0 (compatible; bingbot/2.0; +http://www.bing.com/bingbot.htm)"
207.46.204.182 - - [17/Jan/2011:12:13:59 +0000] "GET /robots.txt HTTP/1.1" 404 333 "-" "Mozilla/5.0 (compatible; bingbot/2.0; +http://www.bing.com/bingbot.htm)"
207.46.204.182 - - [17/Jan/2011:12:15:51 +0000] "GET / HTTP/1.1" 200 427 "-" "Mozilla/5.0 (compatible; bingbot/2.0; +http://www.bing.com/bingbot.htm)"
207.46.204.182 - - [17/Jan/2011:12:18:20 +0000] "GET / HTTP/1.1" 200 433 "-" "Mozilla/5.0 (compatible; bingbot/2.0; +http://www.bing.com/bingbot.htm)"
207.46.195.223 - - [17/Jan/2011:13:24:56 +0000] "GET /robots.txt HTTP/1.1" 404 329 "-" "Mozilla/5.0 (compatible; bingbot/2.0; +http://www.bing.com/bingbot.htm)"
207.46.195.223 - - [17/Jan/2011:14:20:17 +0000] "GET / HTTP/1.1" 200 427 "-" "Mozilla/5.0 (compatible; bingbot/2.0; +http://www.bing.com/bingbot.htm)"
207.46.204.182 - - [17/Jan/2011:22:09:08 +0000] "GET /robots.txt HTTP/1.1" 404 333 "-" "Mozilla/5.0 (compatible; bingbot/2.0; +http://www.bing.com/bingbot.htm)"
207.46.204.182 - - [17/Jan/2011:22:10:17 +0000] "GET / HTTP/1.1" 200 433 "-" "Mozilla/5.0 (compatible; bingbot/2.0; +http://www.bing.com/bingbot.htm)"
207.46.204.182 - - [17/Jan/2011:22:19:25 +0000] "GET /robots.txt HTTP/1.1" 404 329 "-" "Mozilla/5.0 (compatible; bingbot/2.0; +http://www.bing.com/bingbot.htm)"
207.46.204.182 - - [17/Jan/2011:22:20:17 +0000] "GET / HTTP/1.1" 200 427 "-" "Mozilla/5.0 (compatible; bingbot/2.0; +http://www.bing.com/bingbot.htm)"
50.18.2.139 - - [17/Jan/2011:22:30:52 +0000] "GET / HTTP/1.1" 200 751 "-" "-"
208.80.194.35 - - [17/Jan/2011:23:30:49 +0000] "GET / HTTP/1.0" 200 747 "-" "Mozilla/4.0 (compatible; MSIE 6.0; Windows NT 5.1; EZN/PC; SV1; FunWebProducts; .NET CLR 1.0.3705; .NET CLR 1.1.4322)"
220.181.108.158 - - [18/Jan/2011:06:37:34 +0000] "GET /robots.txt HTTP/1.1" 404 268 "-" "Baiduspider+(+http://www.baidu.com/search/spider.htm)"
64.246.161.190 - - [18/Jan/2011:11:48:56 +0000] "GET /robots.txt HTTP/1.0" 404 333 "-" "Mozilla/5.0 (Windows; U; Windows NT 5.1; en; rv:1.9.0.13) Gecko/2009073022 Firefox/3.5.2 (.NET CLR 3.5.30729) SurveyBot/2.3 (DomainTools)"
64.246.161.190 - - [18/Jan/2011:11:48:56 +0000] "GET / HTTP/1.1" 200 433 "http://whois.domaintools.com/transmsilverio.com" "Mozilla/5.0 (Windows; U; Windows NT 5.1; en; rv:1.9.0.13) Gecko/2009073022 Firefox/3.5.2 (.NET CLR 3.5.30729) SurveyBot/2.3 (DomainTools)"
213.63.23.170 - - [18/Jan/2011:16:18:56 +0000] "GET / HTTP/1.1" 200 311 "-" "Mozilla/5.0 (Windows; U; Windows NT 6.1; en-US) AppleWebKit/534.10 (KHTML, like Gecko) Chrome/8.0.552.237 Safari/534.10"
213.63.23.170 - - [18/Jan/2011:16:18:56 +0000] "GET /contruccao.jpg HTTP/1.1" 200 232037 "http://www.transmsilverio.com/" "Mozilla/5.0 (Windows; U; Windows NT 6.1; en-US) AppleWebKit/534.10 (KHTML, like Gecko) Chrome/8.0.552.237 Safari/534.10"
213.63.23.170 - - [18/Jan/2011:16:18:58 +0000] "GET /favicon.ico HTTP/1.1" 404 271 "-" "Mozilla/5.0 (Windows; U; Windows NT 6.1; en-US) AppleWebKit/534.10 (KHTML, like Gecko) Chrome/8.0.552.237 Safari/534.10"
220.181.108.147 - - [19/Jan/2011:02:37:29 +0000] "GET /robots.txt HTTP/1.1" 404 268 "-" "Baiduspider+(+http://www.baidu.com/search/spider.htm)"
84.196.240.90 - - [19/Jan/2011:10:08:34 +0000] "GET / HTTP/1.0" 200 482 "-" "Mozilla/3.0"
208.80.194.27 - - [19/Jan/2011:11:39:55 +0000] "GET / HTTP/1.0" 200 482 "-" "Mozilla/4.0 (compatible; MSIE 7.0; Windows NT 5.1; yie6_SBCDSL; sbcydsl 3.12; YPC 3.0.3)"
178.77.72.217 - - [20/Jan/2011:07:52:54 +0000] "GET / HTTP/1.0" 200 482 "http://finintcorp.com/?ref=web2design" "Mozilla/4.0 (compatible; MSIE 7.0; Windows NT 6.0; Trident/4.0)"
85.245.32.151 - - [20/Jan/2011:16:35:17 +0000] "GET / HTTP/1.1" 200 311 "-" "Mozilla/4.0 (compatible; MSIE 8.0; Windows NT 5.1; Trident/4.0; .NET CLR 1.1.4322; .NET CLR 2.0.50727; .NET CLR 3.0.4506.2152; .NET CLR 3.5.30729; InfoPath.1)"
85.245.32.151 - - [20/Jan/2011:16:35:17 +0000] "GET /contruccao.jpg HTTP/1.1" 200 232037 "http://www.transmsilverio.com/" "Mozilla/4.0 (compatible; MSIE 8.0; Windows NT 5.1; Trident/4.0; .NET CLR 1.1.4322; .NET CLR 2.0.50727; .NET CLR 3.0.4506.2152; .NET CLR 3.5.30729; InfoPath.1)"
85.245.32.151 - - [20/Jan/2011:16:35:17 +0000] "GET /favicon.ico HTTP/1.1" 404 271 "-" "Mozilla/4.0 (compatible; MSIE 8.0; Windows NT 5.1; Trident/4.0; .NET CLR 1.1.4322; .NET CLR 2.0.50727; .NET CLR 3.0.4506.2152; .NET CLR 3.5.30729; InfoPath.1)"
178.77.73.175 - - [20/Jan/2011:17:27:49 +0000] "GET / HTTP/1.0" 200 482 "http://www.hk-marketing.eu" "Mozilla/4.0 (compatible; MSIE 7.0; Windows NT 6.0; Trident/4.0)"
213.13.115.9 - - [20/Jan/2011:17:29:51 +0000] "GET / HTTP/1.1" 200 311 "-" "Mozilla/5.0 (Windows; U; Windows NT 6.1; en-US) AppleWebKit/534.10 (KHTML, like Gecko) Chrome/8.0.552.237 Safari/534.10"
213.13.115.9 - - [20/Jan/2011:17:29:51 +0000] "GET /contruccao.jpg HTTP/1.1" 200 232037 "http://www.transmsilverio.com/" "Mozilla/5.0 (Windows; U; Windows NT 6.1; en-US) AppleWebKit/534.10 (KHTML, like Gecko) Chrome/8.0.552.237 Safari/534.10"
213.13.115.9 - - [20/Jan/2011:17:29:52 +0000] "GET /favicon.ico HTTP/1.1" 404 271 "-" "Mozilla/5.0 (Windows; U; Windows NT 6.1; en-US) AppleWebKit/534.10 (KHTML, like Gecko) Chrome/8.0.552.237 Safari/534.10"
208.80.194.31 - - [21/Jan/2011:00:01:55 +0000] "GET / HTTP/1.0" 200 482 "-" "Mozilla/4.0 (compatible; MSIE 7.0; Windows NT 5.1; yie6; YPC 3.2.0; .NET CLR 1.1.4322; ZangoToolbar 4.8.2; yplus 5.1.04b)"
77.91.203.215 - - [21/Jan/2011:11:18:26 +0000] "GET / HTTP/1.1" 200 311 "-" "Mozilla/5.0 (Windows; U; Windows NT 6.1; en-US) AppleWebKit/532.5 (KHTML, like Gecko) Chrome/4.1.249.1064 Safari/532.5"
77.91.203.215 - - [21/Jan/2011:11:18:26 +0000] "GET /contruccao.jpg HTTP/1.1" 200 234525 "http://www.transmsilverio.com/" "Mozilla/5.0 (Windows; U; Windows NT 6.1; en-US) AppleWebKit/532.5 (KHTML, like Gecko) Chrome/4.1.249.1064 Safari/532.5"
77.91.203.215 - - [21/Jan/2011:11:18:26 +0000] "GET /favicon.ico HTTP/1.1" 404 271 "-" "Mozilla/5.0 (Windows; U; Windows NT 6.1; en-US) AppleWebKit/532.5 (KHTML, like Gecko) Chrome/4.1.249.1064 Safari/532.5"
178.77.75.162 - - [21/Jan/2011:17:54:34 +0000] "GET / HTTP/1.0" 200 482 "http://www.hk-marketing.eu" "Mozilla/4.0 (compatible; MSIE 7.0; Windows NT 6.0; Trident/4.0)"
208.80.194.31 - - [22/Jan/2011:11:45:11 +0000] "GET / HTTP/1.0" 200 482 "-" "Mozilla/4.0 (compatible; MSIE 6.0; Windows NT 5.1; SV1; .NET CLR 1.0.3705; .NET CLR 1.1.4322; Media Center PC 3.1; InfoPath.1; .NET CLR 2.0.50727)"
207.46.13.96 - - [22/Jan/2011:14:36:08 +0000] "GET /robots.txt HTTP/1.1" 404 329 "-" "Mozilla/5.0 (compatible; bingbot/2.0; +http://www.bing.com/bingbot.htm)"
207.46.13.96 - - [22/Jan/2011:14:36:49 +0000] "GET / HTTP/1.1" 200 311 "-" "Mozilla/5.0 (compatible; bingbot/2.0; +http://www.bing.com/bingbot.htm)"
207.241.227.83 - - [23/Jan/2011:16:47:37 +0000] "GET /robots.txt HTTP/1.1" 404 333 "-" "ia_archiver-web.archive.org"
46.137.120.84 - - [23/Jan/2011:16:47:38 +0000] "GET / HTTP/1.1" 200 482 "-" "Opera/9.20 (Windows NT 6.0; U; en)"
208.80.194.29 - - [23/Jan/2011:23:32:02 +0000] "GET / HTTP/1.0" 200 482 "-" "Mozilla/4.0 (compatible; MSIE 7.0; Windows NT 5.1; snprtz|S25134200001036|2600#Service Pack 2#2#5#1)"
94.100.17.186 - - [25/Jan/2011:01:15:49 +0000] "GET /FCKeditor/editor/images/anchor.gif HTTP/1.1" 404 282 "" "Mozilla/5.0 (Windows; U; Windows NT 6.0; en; rv:1.9.0.8) Gecko/2009032609 Firefox/3.0.8 (.NET CLR 3.5.30729)"
184.73.48.47 - - [25/Jan/2011:09:29:02 +0000] "HEAD / HTTP/1.1" 200 - "-" "Mozilla/5.0 (Windows; U; Windows NT 6.0; en-US; rv:1.9.2.3) Gecko/20100401 Firefox/3.6.3 GTB6 (.NET CLR 3.5.30729)"
208.80.194.34 - - [25/Jan/2011:11:45:51 +0000] "GET / HTTP/1.0" 200 482 "-" "Mozilla/4.0 (compatible; MSIE 7.0; CS 2000 6.0; NS Connect 6.0; Windows NT 5.1; .NET CLR 1.0.3705; .NET CLR 1.1.4322; Media Center PC 4.0)"
50.16.148.95 - - [25/Jan/2011:23:03:42 +0000] "GET / HTTP/1.0" 200 482 "-" "Mozilla/5.0 (compatible; NetcraftSurveyAgent/1.0; +info@netcraft.com)"
208.80.194.33 - - [27/Jan/2011:00:55:21 +0000] "GET / HTTP/1.0" 200 482 "-" "Mozilla/4.0 (compatible; MSIE 6.0; Windows NT 5.1; {41FA60AD-CE58-437A-8094-A5768E34E0F7}; .NET CLR 1.1.4322; MSN 6.1; MSNbMSFT; MSNmen-us; MSNc22; v5m)"
207.46.204.229 - - [27/Jan/2011:15:22:43 +0000] "GET /robots.txt HTTP/1.1" 404 329 "-" "Mozilla/5.0 (compatible; bingbot/2.0; +http://www.bing.com/bingbot.htm)"
207.46.204.229 - - [27/Jan/2011:15:25:03 +0000] "GET / HTTP/1.1" 304 - "-" "Mozilla/5.0 (compatible; bingbot/2.0; +http://www.bing.com/bingbot.htm)"
85.247.204.211 - - [27/Jan/2011:16:25:33 +0000] "GET / HTTP/1.1" 304 - "-" "Mozilla/4.0 (compatible; MSIE 8.0; Windows NT 5.1; Trident/4.0; .NET CLR 1.1.4322; .NET CLR 2.0.50727; .NET CLR 3.0.4506.2152; .NET CLR 3.5.30729; InfoPath.1)"
85.247.204.211 - - [27/Jan/2011:16:25:33 +0000] "GET /contruccao.jpg HTTP/1.1" 200 234525 "http://www.transmsilverio.com/" "Mozilla/4.0 (compatible; MSIE 8.0; Windows NT 5.1; Trident/4.0; .NET CLR 1.1.4322; .NET CLR 2.0.50727; .NET CLR 3.0.4506.2152; .NET CLR 3.5.30729; InfoPath.1)"
85.247.204.211 - - [27/Jan/2011:16:25:34 +0000] "GET /favicon.ico HTTP/1.1" 404 271 "-" "Mozilla/4.0 (compatible; MSIE 8.0; Windows NT 5.1; Trident/4.0; .NET CLR 1.1.4322; .NET CLR 2.0.50727; .NET CLR 3.0.4506.2152; .NET CLR 3.5.30729; InfoPath.1)"
207.46.194.145 - - [28/Jan/2011:03:11:59 +0000] "GET /robots.txt HTTP/1.1" 404 268 "-" "msnbot-media/1.1 (+http://search.msn.com/msnbot.htm)"
207.46.194.145 - - [28/Jan/2011:03:11:59 +0000] "GET /icons/folder.gif HTTP/1.1" 200 225 "-" "msnbot-media/1.1 (+http://search.msn.com/msnbot.htm)"
207.46.194.145 - - [28/Jan/2011:03:12:00 +0000] "GET / HTTP/1.1" 200 311 "-" "msnbot-media/1.1 (+http://search.msn.com/msnbot.htm)"
207.46.194.112 - - [28/Jan/2011:08:48:29 +0000] "GET /robots.txt HTTP/1.1" 404 268 "-" "msnbot-media/1.1 (+http://search.msn.com/msnbot.htm)"
207.46.194.112 - - [28/Jan/2011:08:48:29 +0000] "GET /icons/blank.gif HTTP/1.1" 200 148 "-" "msnbot-media/1.1 (+http://search.msn.com/msnbot.htm)"
207.46.194.112 - - [28/Jan/2011:08:48:29 +0000] "GET / HTTP/1.1" 200 311 "-" "msnbot-media/1.1 (+http://search.msn.com/msnbot.htm)"
208.80.194.26 - - [28/Jan/2011:14:06:08 +0000] "GET / HTTP/1.0" 200 482 "-" "Mozilla/4.0 (compatible; MSIE 6.0; America Online Browser 1.1; rev1.2; Windows NT 5.1; SV1; (R1 1.5); .NET CLR 1.1.4322)"
66.249.71.177 - - [28/Jan/2011:23:21:58 +0000] "GET /robots.txt HTTP/1.1" 404 271 "-" "Mozilla/5.0 (compatible; Googlebot/2.1; +http://www.google.com/bot.html)"
66.249.71.177 - - [28/Jan/2011:23:21:58 +0000] "GET / HTTP/1.1" 200 311 "-" "Mozilla/5.0 (compatible; Googlebot/2.1; +http://www.google.com/bot.html)"
66.249.71.177 - - [29/Jan/2011:02:24:00 +0000] "GET /robots.txt HTTP/1.1" 404 271 "-" "Googlebot-Image/1.0"
66.249.71.177 - - [29/Jan/2011:02:24:00 +0000] "GET /contruccao.jpg HTTP/1.1" 200 234525 "-" "Googlebot-Image/1.0"
174.129.117.237 - - [29/Jan/2011:02:56:32 +0000] "HEAD / HTTP/1.1" 200 - "-" "Mozilla/5.0 (Windows; U; Windows NT 5.1; en-US) AppleWebKit/525.13 (KHTML, like Gecko) Chrome/0.A.B.C Safari/525.13"
216.145.5.42 - - [29/Jan/2011:15:46:05 +0000] "GET /robots.txt HTTP/1.0" 404 333 "-" "Mozilla/5.0 (Windows; U; Windows NT 5.1; en; rv:1.9.0.13) Gecko/2009073022 Firefox/3.5.2 (.NET CLR 3.5.30729) SurveyBot/2.3 (DomainTools)"
216.145.5.42 - - [29/Jan/2011:15:46:06 +0000] "GET / HTTP/1.1" 200 311 "http://whois.domaintools.com/transmsilverio.com" "Mozilla/5.0 (Windows; U; Windows NT 5.1; en; rv:1.9.0.13) Gecko/2009073022 Firefox/3.5.2 (.NET CLR 3.5.30729) SurveyBot/2.3 (DomainTools)"
208.80.194.37 - - [30/Jan/2011:03:41:20 +0000] "GET / HTTP/1.0" 200 482 "-" "Mozilla/4.0 (compatible; MSIE 6.0; Windows NT 5.1; SIMBAR={AC2B0809-A339-4e16-AF40-F198FFFF7AF6}; .NET CLR 1.1.4322)"
66.249.71.177 - - [30/Jan/2011:14:53:33 +0000] "GET /robots.txt HTTP/1.1" 404 271 "-" "Googlebot-Image/1.0"
66.249.71.177 - - [30/Jan/2011:14:53:33 +0000] "GET /contruccao.jpg HTTP/1.1" 200 234525 "-" "Googlebot-Image/1.0"
66.249.67.140 - - [30/Jan/2011:23:50:32 +0000] "GET /robots.txt HTTP/1.1" 404 268 "-" "Mozilla/5.0 (compatible; Googlebot/2.1; +http://www.google.com/bot.html)"
66.249.67.140 - - [30/Jan/2011:23:50:32 +0000] "GET / HTTP/1.1" 200 311 "-" "Mozilla/5.0 (compatible; Googlebot/2.1; +http://www.google.com/bot.html)"
66.249.67.140 - - [31/Jan/2011:02:23:38 +0000] "GET /contruccao.jpg HTTP/1.1" 200 234525 "-" "Googlebot-Image/1.0"
67.195.113.247 - - [31/Jan/2011:12:19:53 +0000] "GET /robots.txt HTTP/1.0" 404 271 "-" "Mozilla/5.0 (compatible; Yahoo! Slurp; http://help.yahoo.com/help/us/ysearch/slurp)"
67.195.113.247 - - [31/Jan/2011:12:19:53 +0000] "GET / HTTP/1.0" 200 311 "-" "Mozilla/5.0 (compatible; Yahoo! Slurp; http://help.yahoo.com/help/us/ysearch/slurp)"
208.80.194.26 - - [31/Jan/2011:18:01:45 +0000] "GET / HTTP/1.0" 200 482 "-" "Mozilla/4.0 (compatible; MSIE 6.0; Win32) Link Commander Lite 3.0"
64.34.218.178 - - [01/Feb/2011:05:42:20 +0000] "GET / HTTP/1.1" 200 482 "-" "Python-urllib/2.4"
64.34.218.178 - - [01/Feb/2011:05:42:21 +0000] "GET / HTTP/1.1" 200 482 "-" "Python-urllib/2.4"
66.249.67.140 - - [01/Feb/2011:11:26:06 +0000] "GET /robots.txt HTTP/1.1" 404 268 "-" "Googlebot-Image/1.0"
66.249.67.140 - - [01/Feb/2011:11:26:07 +0000] "GET /contruccao.jpg HTTP/1.1" 200 234525 "-" "Googlebot-Image/1.0"
213.63.23.187 - - [01/Feb/2011:12:17:06 +0000] "GET / HTTP/1.1" 200 4392 "-" "Mozilla/5.0 (Windows; U; Windows NT 6.1; en-US) AppleWebKit/534.10 (KHTML, like Gecko) Chrome/8.0.552.237 Safari/534.10"
213.63.23.187 - - [01/Feb/2011:12:17:07 +0000] "GET /libs/defaults.css HTTP/1.1" 200 661 "http://www.transmsilverio.com/" "Mozilla/5.0 (Windows; U; Windows NT 6.1; en-US) AppleWebKit/534.10 (KHTML, like Gecko) Chrome/8.0.552.237 Safari/534.10"
213.63.23.187 - - [01/Feb/2011:12:17:07 +0000] "GET /libs/system-menus.css HTTP/1.1" 200 923 "http://www.transmsilverio.com/" "Mozilla/5.0 (Windows; U; Windows NT 6.1; en-US) AppleWebKit/534.10 (KHTML, like Gecko) Chrome/8.0.552.237 Safari/534.10"
213.63.23.187 - - [01/Feb/2011:12:17:07 +0000] "GET /libs/system.css HTTP/1.1" 200 10807 "http://www.transmsilverio.com/" "Mozilla/5.0 (Windows; U; Windows NT 6.1; en-US) AppleWebKit/534.10 (KHTML, like Gecko) Chrome/8.0.552.237 Safari/534.10"
213.63.23.187 - - [01/Feb/2011:12:17:07 +0000] "GET /libs/content-module.css HTTP/1.1" 200 2397 "http://www.transmsilverio.com/" "Mozilla/5.0 (Windows; U; Windows NT 6.1; en-US) AppleWebKit/534.10 (KHTML, like Gecko) Chrome/8.0.552.237 Safari/534.10"
213.63.23.187 - - [01/Feb/2011:12:17:07 +0000] "GET /libs/nice_menus.css HTTP/1.1" 200 3627 "http://www.transmsilverio.com/" "Mozilla/5.0 (Windows; U; Windows NT 6.1; en-US) AppleWebKit/534.10 (KHTML, like Gecko) Chrome/8.0.552.237 Safari/534.10"
213.63.23.187 - - [01/Feb/2011:12:17:07 +0000] "GET /libs/nice_menus_default.css HTTP/1.1" 200 5155 "http://www.transmsilverio.com/" "Mozilla/5.0 (Windows; U; Windows NT 6.1; en-US) AppleWebKit/534.10 (KHTML, like Gecko) Chrome/8.0.552.237 Safari/534.10"
213.63.23.187 - - [01/Feb/2011:12:17:07 +0000] "GET /libs/panels.css HTTP/1.1" 200 911 "http://www.transmsilverio.com/" "Mozilla/5.0 (Windows; U; Windows NT 6.1; en-US) AppleWebKit/534.10 (KHTML, like Gecko) Chrome/8.0.552.237 Safari/534.10"
213.63.23.187 - - [01/Feb/2011:12:17:07 +0000] "GET /libs/layout.css HTTP/1.1" 200 743 "http://www.transmsilverio.com/" "Mozilla/5.0 (Windows; U; Windows NT 6.1; en-US) AppleWebKit/534.10 (KHTML, like Gecko) Chrome/8.0.552.237 Safari/534.10"
213.63.23.187 - - [01/Feb/2011:12:17:07 +0000] "GET /libs/htmlelements.css HTTP/1.1" 200 1775 "http://www.transmsilverio.com/" "Mozilla/5.0 (Windows; U; Windows NT 6.1; en-US) AppleWebKit/534.10 (KHTML, like Gecko) Chrome/8.0.552.237 Safari/534.10"
213.63.23.187 - - [01/Feb/2011:12:17:07 +0000] "GET /libs/style.css HTTP/1.1" 200 35390 "http://www.transmsilverio.com/" "Mozilla/5.0 (Windows; U; Windows NT 6.1; en-US) AppleWebKit/534.10 (KHTML, like Gecko) Chrome/8.0.552.237 Safari/534.10"
213.63.23.187 - - [01/Feb/2011:12:17:08 +0000] "GET /libs/jquery_002.js HTTP/1.1" 200 31089 "http://www.transmsilverio.com/" "Mozilla/5.0 (Windows; U; Windows NT 6.1; en-US) AppleWebKit/534.10 (KHTML, like Gecko) Chrome/8.0.552.237 Safari/534.10"
213.63.23.187 - - [01/Feb/2011:12:17:08 +0000] "GET /libs/drupal.js HTTP/1.1" 200 9834 "http://www.transmsilverio.com/" "Mozilla/5.0 (Windows; U; Windows NT 6.1; en-US) AppleWebKit/534.10 (KHTML, like Gecko) Chrome/8.0.552.237 Safari/534.10"
213.63.23.187 - - [01/Feb/2011:12:17:08 +0000] "GET /libs/superfish.js HTTP/1.1" 200 3714 "http://www.transmsilverio.com/" "Mozilla/5.0 (Windows; U; Windows NT 6.1; en-US) AppleWebKit/534.10 (KHTML, like Gecko) Chrome/8.0.552.237 Safari/534.10"
213.63.23.187 - - [01/Feb/2011:12:17:08 +0000] "GET /libs/jquery.js HTTP/1.1" 200 1517 "http://www.transmsilverio.com/" "Mozilla/5.0 (Windows; U; Windows NT 6.1; en-US) AppleWebKit/534.10 (KHTML, like Gecko) Chrome/8.0.552.237 Safari/534.10"
213.63.23.187 - - [01/Feb/2011:12:17:08 +0000] "GET /libs/nice_menus.js HTTP/1.1" 200 812 "http://www.transmsilverio.com/" "Mozilla/5.0 (Windows; U; Windows NT 6.1; en-US) AppleWebKit/534.10 (KHTML, like Gecko) Chrome/8.0.552.237 Safari/534.10"
213.63.23.187 - - [01/Feb/2011:12:17:09 +0000] "GET /libs/panels.js HTTP/1.1" 200 797 "http://www.transmsilverio.com/" "Mozilla/5.0 (Windows; U; Windows NT 6.1; en-US) AppleWebKit/534.10 (KHTML, like Gecko) Chrome/8.0.552.237 Safari/534.10"
213.63.23.187 - - [01/Feb/2011:12:17:09 +0000] "GET /libs/jquery_003.js HTTP/1.1" 200 1482 "http://www.transmsilverio.com/" "Mozilla/5.0 (Windows; U; Windows NT 6.1; en-US) AppleWebKit/534.10 (KHTML, like Gecko) Chrome/8.0.552.237 Safari/534.10"
213.63.23.187 - - [01/Feb/2011:12:17:07 +0000] "GET /libs/jquery-1.4.4.js HTTP/1.1" 200 183184 "http://www.transmsilverio.com/" "Mozilla/5.0 (Windows; U; Windows NT 6.1; en-US) AppleWebKit/534.10 (KHTML, like Gecko) Chrome/8.0.552.237 Safari/534.10"
213.63.23.187 - - [01/Feb/2011:12:17:09 +0000] "GET /libs/general.js HTTP/1.1" 200 1388 "http://www.transmsilverio.com/" "Mozilla/5.0 (Windows; U; Windows NT 6.1; en-US) AppleWebKit/534.10 (KHTML, like Gecko) Chrome/8.0.552.237 Safari/534.10"
213.63.23.187 - - [01/Feb/2011:12:17:11 +0000] "GET /img/home-bg.jpg HTTP/1.1" 200 953 "http://www.transmsilverio.com/" "Mozilla/5.0 (Windows; U; Windows NT 6.1; en-US) AppleWebKit/534.10 (KHTML, like Gecko) Chrome/8.0.552.237 Safari/534.10"
213.63.23.187 - - [01/Feb/2011:12:17:11 +0000] "GET /img/social2/twitter.png HTTP/1.1" 200 4962 "http://www.transmsilverio.com/" "Mozilla/5.0 (Windows; U; Windows NT 6.1; en-US) AppleWebKit/534.10 (KHTML, like Gecko) Chrome/8.0.552.237 Safari/534.10"
213.63.23.187 - - [01/Feb/2011:12:17:11 +0000] "GET /img/social2/facebook.png HTTP/1.1" 200 4946 "http://www.transmsilverio.com/" "Mozilla/5.0 (Windows; U; Windows NT 6.1; en-US) AppleWebKit/534.10 (KHTML, like Gecko) Chrome/8.0.552.237 Safari/534.10"
213.63.23.187 - - [01/Feb/2011:12:17:11 +0000] "GET /libs/mslogo.png HTTP/1.1" 200 9367 "http://www.transmsilverio.com/" "Mozilla/5.0 (Windows; U; Windows NT 6.1; en-US) AppleWebKit/534.10 (KHTML, like Gecko) Chrome/8.0.552.237 Safari/534.10"
213.63.23.187 - - [01/Feb/2011:12:17:11 +0000] "GET /img/social2/rss.png HTTP/1.1" 200 5286 "http://www.transmsilverio.com/" "Mozilla/5.0 (Windows; U; Windows NT 6.1; en-US) AppleWebKit/534.10 (KHTML, like Gecko) Chrome/8.0.552.237 Safari/534.10"
213.63.23.187 - - [01/Feb/2011:12:17:12 +0000] "GET /img/nav-bg.jpg HTTP/1.1" 200 8059 "http://www.transmsilverio.com/" "Mozilla/5.0 (Windows; U; Windows NT 6.1; en-US) AppleWebKit/534.10 (KHTML, like Gecko) Chrome/8.0.552.237 Safari/534.10"
213.63.23.187 - - [01/Feb/2011:12:17:12 +0000] "GET /img/nav-left.jpg HTTP/1.1" 200 8660 "http://www.transmsilverio.com/" "Mozilla/5.0 (Windows; U; Windows NT 6.1; en-US) AppleWebKit/534.10 (KHTML, like Gecko) Chrome/8.0.552.237 Safari/534.10"
213.63.23.187 - - [01/Feb/2011:12:17:12 +0000] "GET /img/nav-right.jpg HTTP/1.1" 200 8577 "http://www.transmsilverio.com/" "Mozilla/5.0 (Windows; U; Windows NT 6.1; en-US) AppleWebKit/534.10 (KHTML, like Gecko) Chrome/8.0.552.237 Safari/534.10"
213.63.23.187 - - [01/Feb/2011:12:17:12 +0000] "GET /libs/mountains.jpg HTTP/1.1" 200 66568 "http://www.transmsilverio.com/" "Mozilla/5.0 (Windows; U; Windows NT 6.1; en-US) AppleWebKit/534.10 (KHTML, like Gecko) Chrome/8.0.552.237 Safari/534.10"
213.63.23.187 - - [01/Feb/2011:12:17:12 +0000] "GET /img/slider-bg.png HTTP/1.1" 200 1215 "http://www.transmsilverio.com/" "Mozilla/5.0 (Windows; U; Windows NT 6.1; en-US) AppleWebKit/534.10 (KHTML, like Gecko) Chrome/8.0.552.237 Safari/534.10"
213.63.23.187 - - [01/Feb/2011:12:17:13 +0000] "GET /img/slider-button.jpg HTTP/1.1" 200 1901 "http://www.transmsilverio.com/" "Mozilla/5.0 (Windows; U; Windows NT 6.1; en-US) AppleWebKit/534.10 (KHTML, like Gecko) Chrome/8.0.552.237 Safari/534.10"
213.63.23.187 - - [01/Feb/2011:12:17:13 +0000] "GET /libs/graph3.png HTTP/1.1" 200 54748 "http://www.transmsilverio.com/" "Mozilla/5.0 (Windows; U; Windows NT 6.1; en-US) AppleWebKit/534.10 (KHTML, like Gecko) Chrome/8.0.552.237 Safari/534.10"
213.63.23.187 - - [01/Feb/2011:12:17:14 +0000] "GET /libs/quemsomos.jpg HTTP/1.1" 200 60781 "http://www.transmsilverio.com/" "Mozilla/5.0 (Windows; U; Windows NT 6.1; en-US) AppleWebKit/534.10 (KHTML, like Gecko) Chrome/8.0.552.237 Safari/534.10"
